18:36:46 **** Build of configuration Release for project dma_test ****
make all 
Building file: ../src/main.c
Invoking: Cross ARM C Compiler
arm-none-eabi-gcc -mcpu=cortex-m3 -mthumb -Os -fmessage-length=0 -fsigned-char -ffunction-sections -fdata-sections  -g -std=gnu11 -MMD -MP -MF"src/main.d" -MT"src/main.o" -c -o "src/main.o" "../src/main.c"
Finished building: ../src/main.c
 
Building target: dma_test.elf
Invoking: Cross ARM C Linker
arm-none-eabi-gcc -mcpu=cortex-m3 -mthumb -Os -fmessage-length=0 -fsigned-char -ffunction-sections -fdata-sections  -g -Xlinker --gc-sections -Wl,-Map,"dma_test.map" --specs=rdimon.specs -Wl,--start-group -lgcc -lc -lc -lm -lrdimon -Wl,--end-group -o "dma_test.elf"  ./src/main.o   
Finished building target: dma_test.elf
 
Invoking: Cross ARM GNU Create Flash Image
arm-none-eabi-objcopy -O ihex "dma_test.elf"  "dma_test.hex"
Finished building: dma_test.hex
 
Invoking: Cross ARM GNU Print Size
arm-none-eabi-size --format=berkeley "dma_test.elf"
   text	   data	    bss	    dec	    hex	filename
  11524	   2400	    260	  14184	   3768	dma_test.elf
Finished building: dma_test.siz
 

18:36:48 Build Finished (took 2s.120ms)

18:36:48 **** Build of configuration Debug for project dma_test ****
make all 
Building file: ../src/main.c
Invoking: Cross ARM C Compiler
arm-none-eabi-gcc -mcpu=cortex-m3 -mthumb -O0 -fmessage-length=0 -fsigned-char -ffunction-sections -fdata-sections  -g3 -std=gnu11 -MMD -MP -MF"src/main.d" -MT"src/main.o" -c -o "src/main.o" "../src/main.c"
Finished building: ../src/main.c
 
Building target: dma_test.elf
Invoking: Cross ARM C Linker
arm-none-eabi-gcc -mcpu=cortex-m3 -mthumb -O0 -fmessage-length=0 -fsigned-char -ffunction-sections -fdata-sections  -g3 -Xlinker --gc-sections -Wl,-Map,"dma_test.map" --specs=rdimon.specs -Wl,--start-group -lgcc -lc -lc -lm -lrdimon -Wl,--end-group -o "dma_test.elf"  ./src/main.o   
Finished building target: dma_test.elf
 
Invoking: Cross ARM GNU Create Flash Image
arm-none-eabi-objcopy -O ihex "dma_test.elf"  "dma_test.hex"
Finished building: dma_test.hex
 
Invoking: Cross ARM GNU Print Size
arm-none-eabi-size --format=berkeley "dma_test.elf"
   text	   data	    bss	    dec	    hex	filename
  11532	   2400	    260	  14192	   3770	dma_test.elf
Finished building: dma_test.siz
 
18:41:12 **** Build of project dma_test_bsp ****
make -k all 
Running Make include in microblaze_0/libsrc/bram_v4_1/src
make -C microblaze_0/libsrc/bram_v4_1/src -s include  "SHELL=/bin/sh" "COMPILER=mb-gcc" "ARCHIVER=mb-ar" "COMPILER_FLAGS= -O2 -c -mcpu=v10.0 -mlittle-endian -mxl-soft-mul" "EXTRA_COMPILER_FLAGS=-ffunction-sections -fdata-sections -Wall -Wextra"
Running Make include in microblaze_0/libsrc/cpu_v2_6/src
make -C microblaze_0/libsrc/cpu_v2_6/src -s include  "SHELL=/bin/sh" "COMPILER=mb-gcc" "ARCHIVER=mb-ar" "COMPILER_FLAGS= -O2 -c -mcpu=v10.0 -mlittle-endian -mxl-soft-mul" "EXTRA_COMPILER_FLAGS=-ffunction-sections -fdata-sections -Wall -Wextra"
Running Make include in microblaze_0/libsrc/standalone_v6_3/src
make -C microblaze_0/libsrc/standalone_v6_3/src -s include  "SHELL=/bin/sh" "COMPILER=mb-gcc" "ARCHIVER=mb-ar" "COMPILER_FLAGS= -O2 -c -mcpu=v10.0 -mlittle-endian -mxl-soft-mul" "EXTRA_COMPILER_FLAGS=-ffunction-sections -fdata-sections -Wall -Wextra"
Running Make include in microblaze_0/libsrc/axidma_v9_3/src
make -C microblaze_0/libsrc/axidma_v9_3/src -s include  "SHELL=/bin/sh" "COMPILER=mb-gcc" "ARCHIVER=mb-ar" "COMPILER_FLAGS= -O2 -c -mcpu=v10.0 -mlittle-endian -mxl-soft-mul" "EXTRA_COMPILER_FLAGS=-ffunction-sections -fdata-sections -Wall -Wextra"
Running Make include in microblaze_0/libsrc/uartlite_v3_2/src
make -C microblaze_0/libsrc/uartlite_v3_2/src -s include  "SHELL=/bin/sh" "COMPILER=mb-gcc" "ARCHIVER=mb-ar" "COMPILER_FLAGS= -O2 -c -mcpu=v10.0 -mlittle-endian -mxl-soft-mul" "EXTRA_COMPILER_FLAGS=-ffunction-sections -fdata-sections -Wall -Wextra"
Running Make libs in microblaze_0/libsrc/bram_v4_1/src
make -C microblaze_0/libsrc/bram_v4_1/src -s libs  "SHELL=/bin/sh" "COMPILER=mb-gcc" "ARCHIVER=mb-ar" "COMPILER_FLAGS= -O2 -c -mcpu=v10.0 -mlittle-endian -mxl-soft-mul" "EXTRA_COMPILER_FLAGS=-ffunction-sections -fdata-sections -Wall -Wextra"
Compiling bram
mb-ar: creating ../../../lib/libxil.a
Running Make libs in microblaze_0/libsrc/cpu_v2_6/src
make -C microblaze_0/libsrc/cpu_v2_6/src -s libs  "SHELL=/bin/sh" "COMPILER=mb-gcc" "ARCHIVER=mb-ar" "COMPILER_FLAGS= -O2 -c -mcpu=v10.0 -mlittle-endian -mxl-soft-mul" "EXTRA_COMPILER_FLAGS=-ffunction-sections -fdata-sections -Wall -Wextra"
Compiling cpu
Running Make libs in microblaze_0/libsrc/standalone_v6_3/src
make -C microblaze_0/libsrc/standalone_v6_3/src -s libs  "SHELL=/bin/sh" "COMPILER=mb-gcc" "ARCHIVER=mb-ar" "COMPILER_FLAGS= -O2 -c -mcpu=v10.0 -mlittle-endian -mxl-soft-mul" "EXTRA_COMPILER_FLAGS=-ffunction-sections -fdata-sections -Wall -Wextra"
Compiling standalone
Running Make libs in microblaze_0/libsrc/axidma_v9_3/src
make -C microblaze_0/libsrc/axidma_v9_3/src -s libs  "SHELL=/bin/sh" "COMPILER=mb-gcc" "ARCHIVER=mb-ar" "COMPILER_FLAGS= -O2 -c -mcpu=v10.0 -mlittle-endian -mxl-soft-mul" "EXTRA_COMPILER_FLAGS=-ffunction-sections -fdata-sections -Wall -Wextra"
Compiling axidma
Running Make libs in microblaze_0/libsrc/uartlite_v3_2/src
make -C microblaze_0/libsrc/uartlite_v3_2/src -s libs  "SHELL=/bin/sh" "COMPILER=mb-gcc" "ARCHIVER=mb-ar" "COMPILER_FLAGS= -O2 -c -mcpu=v10.0 -mlittle-endian -mxl-soft-mul" "EXTRA_COMPILER_FLAGS=-ffunction-sections -fdata-sections -Wall -Wextra"
Compiling uartlite
Finished building libraries
18:41:17 **** Build of configuration Debug for project dma_test ****
make all 
Building file: ../src/helloworld.c
Invoking: MicroBlaze gcc compiler
mb-gcc -Wall -O0 -g3 -c -fmessage-length=0 -MT"src/helloworld.o" -I../../dma_test_bsp/microblaze_0/include -mlittle-endian -mcpu=v10.0 -mxl-soft-mul -Wl,--no-relax -ffunction-sections -fdata-sections -MMD -MP -MF"src/helloworld.d" -MT"src/helloworld.o" -o "src/helloworld.o" "../src/helloworld.c"
Finished building: ../src/helloworld.c
 
Building file: ../src/platform.c
Invoking: MicroBlaze gcc compiler
mb-gcc -Wall -O0 -g3 -c -fmessage-length=0 -MT"src/platform.o" -I../../dma_test_bsp/microblaze_0/include -mlittle-endian -mcpu=v10.0 -mxl-soft-mul -Wl,--no-relax -ffunction-sections -fdata-sections -MMD -MP -MF"src/platform.d" -MT"src/platform.o" -o "src/platform.o" "../src/platform.c"
Finished building: ../src/platform.c
 
Building target: dma_test.elf
Invoking: MicroBlaze gcc linker
mb-gcc -Wl,-T -Wl,../src/lscript.ld -L../../dma_test_bsp/microblaze_0/lib -mlittle-endian -mcpu=v10.0 -mxl-soft-mul -Wl,--no-relax -Wl,--gc-sections -o "dma_test.elf"  ./src/helloworld.o ./src/platform.o   -Wl,--start-group,-lxil,-lgcc,-lc,--end-group
Finished building target: dma_test.elf
 
Invoking: MicroBlaze Print Size
mb-size dma_test.elf  |tee "dma_test.elf.size"
   text	   data	    bss	    dec	    hex	filename
   2812	    268	   3112	   6192	   1830	dma_test.elf
Finished building: dma_test.elf.size
 
18:43:09 **** Incremental Build of configuration Debug for project dma_test ****
make all 
make: Nothing to be done for 'all'.
18:43:42 **** Incremental Build of configuration Debug for project dma_test ****
make all 
make: Nothing to be done for 'all'.
18:45:19 **** Clean-only build of configuration Debug for project dma_test ****
make clean 
rm -rf  ./src/helloworld.o ./src/platform.o  ./src/helloworld.d ./src/platform.d  dma_test.elf.size  dma_test.elf
 
18:45:20 **** Auto Build of configuration Debug for project dma_test ****
make all 
Building file: ../src/helloworld.c
Invoking: MicroBlaze gcc compiler
mb-gcc -Wall -O0 -g3 -c -fmessage-length=0 -MT"src/helloworld.o" -I../../dma_test_bsp/microblaze_0/include -mlittle-endian -mcpu=v10.0 -mxl-soft-mul -Wl,--no-relax -ffunction-sections -fdata-sections -MMD -MP -MF"src/helloworld.d" -MT"src/helloworld.o" -o "src/helloworld.o" "../src/helloworld.c"
Finished building: ../src/helloworld.c
 
Building file: ../src/platform.c
Invoking: MicroBlaze gcc compiler
mb-gcc -Wall -O0 -g3 -c -fmessage-length=0 -MT"src/platform.o" -I../../dma_test_bsp/microblaze_0/include -mlittle-endian -mcpu=v10.0 -mxl-soft-mul -Wl,--no-relax -ffunction-sections -fdata-sections -MMD -MP -MF"src/platform.d" -MT"src/platform.o" -o "src/platform.o" "../src/platform.c"
Finished building: ../src/platform.c
 
Building target: dma_test.elf
Invoking: MicroBlaze gcc linker
mb-gcc -Wl,-T -Wl,../src/lscript.ld -L../../dma_test_bsp/microblaze_0/lib -mlittle-endian -mcpu=v10.0 -mxl-soft-mul -Wl,--no-relax -Wl,--gc-sections -o "dma_test.elf"  ./src/helloworld.o ./src/platform.o   -Wl,--start-group,-lxil,-lgcc,-lc,--end-group
Finished building target: dma_test.elf
 
Invoking: MicroBlaze Print Size
mb-size dma_test.elf  |tee "dma_test.elf.size"
   text	   data	    bss	    dec	    hex	filename
   2812	    268	   2088	   5168	   1430	dma_test.elf
Finished building: dma_test.elf.size
 
18:50:44 **** Build of project dma_test1_bsp ****
make -k all 
Running Make include in microblaze_0/libsrc/bram_v4_1/src
make -C microblaze_0/libsrc/bram_v4_1/src -s include  "SHELL=/bin/sh" "COMPILER=mb-gcc" "ARCHIVER=mb-ar" "COMPILER_FLAGS= -O2 -c -mcpu=v10.0 -mlittle-endian -mxl-soft-mul" "EXTRA_COMPILER_FLAGS=-ffunction-sections -fdata-sections -Wall -Wextra"
Running Make include in microblaze_0/libsrc/cpu_v2_6/src
make -C microblaze_0/libsrc/cpu_v2_6/src -s include  "SHELL=/bin/sh" "COMPILER=mb-gcc" "ARCHIVER=mb-ar" "COMPILER_FLAGS= -O2 -c -mcpu=v10.0 -mlittle-endian -mxl-soft-mul" "EXTRA_COMPILER_FLAGS=-ffunction-sections -fdata-sections -Wall -Wextra"
Running Make include in microblaze_0/libsrc/standalone_v6_3/src
make -C microblaze_0/libsrc/standalone_v6_3/src -s include  "SHELL=/bin/sh" "COMPILER=mb-gcc" "ARCHIVER=mb-ar" "COMPILER_FLAGS= -O2 -c -mcpu=v10.0 -mlittle-endian -mxl-soft-mul" "EXTRA_COMPILER_FLAGS=-ffunction-sections -fdata-sections -Wall -Wextra"
Running Make include in microblaze_0/libsrc/axidma_v9_3/src
make -C microblaze_0/libsrc/axidma_v9_3/src -s include  "SHELL=/bin/sh" "COMPILER=mb-gcc" "ARCHIVER=mb-ar" "COMPILER_FLAGS= -O2 -c -mcpu=v10.0 -mlittle-endian -mxl-soft-mul" "EXTRA_COMPILER_FLAGS=-ffunction-sections -fdata-sections -Wall -Wextra"
Running Make include in microblaze_0/libsrc/uartlite_v3_2/src
make -C microblaze_0/libsrc/uartlite_v3_2/src -s include  "SHELL=/bin/sh" "COMPILER=mb-gcc" "ARCHIVER=mb-ar" "COMPILER_FLAGS= -O2 -c -mcpu=v10.0 -mlittle-endian -mxl-soft-mul" "EXTRA_COMPILER_FLAGS=-ffunction-sections -fdata-sections -Wall -Wextra"
Running Make libs in microblaze_0/libsrc/bram_v4_1/src
make -C microblaze_0/libsrc/bram_v4_1/src -s libs  "SHELL=/bin/sh" "COMPILER=mb-gcc" "ARCHIVER=mb-ar" "COMPILER_FLAGS= -O2 -c -mcpu=v10.0 -mlittle-endian -mxl-soft-mul" "EXTRA_COMPILER_FLAGS=-ffunction-sections -fdata-sections -Wall -Wextra"
Compiling bram
mb-ar: creating ../../../lib/libxil.a
Running Make libs in microblaze_0/libsrc/cpu_v2_6/src
make -C microblaze_0/libsrc/cpu_v2_6/src -s libs  "SHELL=/bin/sh" "COMPILER=mb-gcc" "ARCHIVER=mb-ar" "COMPILER_FLAGS= -O2 -c -mcpu=v10.0 -mlittle-endian -mxl-soft-mul" "EXTRA_COMPILER_FLAGS=-ffunction-sections -fdata-sections -Wall -Wextra"
Compiling cpu
Running Make libs in microblaze_0/libsrc/standalone_v6_3/src
make -C microblaze_0/libsrc/standalone_v6_3/src -s libs  "SHELL=/bin/sh" "COMPILER=mb-gcc" "ARCHIVER=mb-ar" "COMPILER_FLAGS= -O2 -c -mcpu=v10.0 -mlittle-endian -mxl-soft-mul" "EXTRA_COMPILER_FLAGS=-ffunction-sections -fdata-sections -Wall -Wextra"
Compiling standalone
Running Make libs in microblaze_0/libsrc/axidma_v9_3/src
make -C microblaze_0/libsrc/axidma_v9_3/src -s libs  "SHELL=/bin/sh" "COMPILER=mb-gcc" "ARCHIVER=mb-ar" "COMPILER_FLAGS= -O2 -c -mcpu=v10.0 -mlittle-endian -mxl-soft-mul" "EXTRA_COMPILER_FLAGS=-ffunction-sections -fdata-sections -Wall -Wextra"
Compiling axidma
Running Make libs in microblaze_0/libsrc/uartlite_v3_2/src
make -C microblaze_0/libsrc/uartlite_v3_2/src -s libs  "SHELL=/bin/sh" "COMPILER=mb-gcc" "ARCHIVER=mb-ar" "COMPILER_FLAGS= -O2 -c -mcpu=v10.0 -mlittle-endian -mxl-soft-mul" "EXTRA_COMPILER_FLAGS=-ffunction-sections -fdata-sections -Wall -Wextra"
Compiling uartlite
Finished building libraries
18:50:49 **** Build of configuration Debug for project dma_test1 ****
make all 
Building file: ../src/helloworld.c
Invoking: MicroBlaze gcc compiler
mb-gcc -Wall -O0 -g3 -c -fmessage-length=0 -MT"src/helloworld.o" -I../../dma_test1_bsp/microblaze_0/include -mlittle-endian -mcpu=v10.0 -mxl-soft-mul -Wl,--no-relax -ffunction-sections -fdata-sections -MMD -MP -MF"src/helloworld.d" -MT"src/helloworld.o" -o "src/helloworld.o" "../src/helloworld.c"
Finished building: ../src/helloworld.c
 
Building file: ../src/platform.c
Invoking: MicroBlaze gcc compiler
mb-gcc -Wall -O0 -g3 -c -fmessage-length=0 -MT"src/platform.o" -I../../dma_test1_bsp/microblaze_0/include -mlittle-endian -mcpu=v10.0 -mxl-soft-mul -Wl,--no-relax -ffunction-sections -fdata-sections -MMD -MP -MF"src/platform.d" -MT"src/platform.o" -o "src/platform.o" "../src/platform.c"
Finished building: ../src/platform.c
 
Building target: dma_test1.elf
Invoking: MicroBlaze gcc linker
mb-gcc -Wl,-T -Wl,../src/lscript.ld -L../../dma_test1_bsp/microblaze_0/lib -mlittle-endian -mcpu=v10.0 -mxl-soft-mul -Wl,--no-relax -Wl,--gc-sections -o "dma_test1.elf"  ./src/helloworld.o ./src/platform.o   -Wl,--start-group,-lxil,-lgcc,-lc,--end-group
Finished building target: dma_test1.elf
 
Invoking: MicroBlaze Print Size
mb-size dma_test1.elf  |tee "dma_test1.elf.size"
   text	   data	    bss	    dec	    hex	filename
   2812	    268	   3112	   6192	   1830	dma_test1.elf
Finished building: dma_test1.elf.size
 
18:57:22 **** Auto Build of configuration Debug for project dma_test ****
make all 
Building file: ../src/helloworld.c
Invoking: MicroBlaze gcc compiler
mb-gcc -Wall -O0 -g3 -c -fmessage-length=0 -MT"src/helloworld.o" -I../../dma_test_bsp/microblaze_0/include -mlittle-endian -mcpu=v10.0 -mxl-soft-mul -Wl,--no-relax -ffunction-sections -fdata-sections -MMD -MP -MF"src/helloworld.d" -MT"src/helloworld.o" -o "src/helloworld.o" "../src/helloworld.c"
In file included from ../src/helloworld.c:51:0:
../../dma_test_bsp/microblaze_0/include/xbasic_types.h:115:2: warning: #warning The xbasics_type.h file is deprecated and users should use xil_types.h and xil_assert. [-Wcpp]
 #warning  The xbasics_type.h file is deprecated and users should use xil_types.h and xil_assert.
  ^~~~~~~
../../dma_test_bsp/microblaze_0/include/xbasic_types.h:116:2: warning: #warning Please refer the Standalone BSP UG647 for further details [-Wcpp]
Finished building: ../src/helloworld.c
 #warning  Please refer the Standalone BSP UG647 for further details
  ^~~~~~~
 
Building target: dma_test.elf
Invoking: MicroBlaze gcc linker
mb-gcc -Wl,-T -Wl,../src/lscript.ld -L../../dma_test_bsp/microblaze_0/lib -mlittle-endian -mcpu=v10.0 -mxl-soft-mul -Wl,--no-relax -Wl,--gc-sections -o "dma_test.elf"  ./src/helloworld.o ./src/platform.o   -Wl,--start-group,-lxil,-lgcc,-lc,--end-group
Finished building target: dma_test.elf
 
Invoking: MicroBlaze Print Size
mb-size dma_test.elf  |tee "dma_test.elf.size"
   text	   data	    bss	    dec	    hex	filename
   2812	    268	   2088	   5168	   1430	dma_test.elf
Finished building: dma_test.elf.size
 
18:58:43 **** Auto Build of configuration Debug for project dma_test ****
make all 
Building file: ../src/helloworld.c
Invoking: MicroBlaze gcc compiler
mb-gcc -Wall -O0 -g3 -c -fmessage-length=0 -MT"src/helloworld.o" -I../../dma_test_bsp/microblaze_0/include -mlittle-endian -mcpu=v10.0 -mxl-soft-mul -Wl,--no-relax -ffunction-sections -fdata-sections -MMD -MP -MF"src/helloworld.d" -MT"src/helloworld.o" -o "src/helloworld.o" "../src/helloworld.c"
In file included from ../src/helloworld.c:51:0:
../../dma_test_bsp/microblaze_0/include/xbasic_types.h:115:2: warning: #warning The xbasics_type.h file is deprecated and users should use xil_types.h and xil_assert. [-Wcpp]
 #warning  The xbasics_type.h file is deprecated and users should use xil_types.h and xil_assert.
  ^~~~~~~
../../dma_test_bsp/microblaze_0/include/xbasic_types.h:116:2: warning: #warning Please refer the Standalone BSP UG647 for further details [-Wcpp]
 #warning  Please refer the Standalone BSP UG647 for further details
  ^~~~~~~
Finished building: ../src/helloworld.c
 
Building target: dma_test.elf
Invoking: MicroBlaze gcc linker
mb-gcc -Wl,-T -Wl,../src/lscript.ld -L../../dma_test_bsp/microblaze_0/lib -mlittle-endian -mcpu=v10.0 -mxl-soft-mul -Wl,--no-relax -Wl,--gc-sections -o "dma_test.elf"  ./src/helloworld.o ./src/platform.o   -Wl,--start-group,-lxil,-lgcc,-lc,--end-group
Finished building target: dma_test.elf
 
Invoking: MicroBlaze Print Size
mb-size dma_test.elf  |tee "dma_test.elf.size"
   text	   data	    bss	    dec	    hex	filename
   2812	    268	   2088	   5168	   1430	dma_test.elf
Finished building: dma_test.elf.size
 
18:59:12 **** Auto Build of configuration Debug for project dma_test ****
make all 
Building file: ../src/helloworld.c
Invoking: MicroBlaze gcc compiler
mb-gcc -Wall -O0 -g3 -c -fmessage-length=0 -MT"src/helloworld.o" -I../../dma_test_bsp/microblaze_0/include -mlittle-endian -mcpu=v10.0 -mxl-soft-mul -Wl,--no-relax -ffunction-sections -fdata-sections -MMD -MP -MF"src/helloworld.d" -MT"src/helloworld.o" -o "src/helloworld.o" "../src/helloworld.c"
Finished building: ../src/helloworld.c
 
Building target: dma_test.elf
Invoking: MicroBlaze gcc linker
mb-gcc -Wl,-T -Wl,../src/lscript.ld -L../../dma_test_bsp/microblaze_0/lib -mlittle-endian -mcpu=v10.0 -mxl-soft-mul -Wl,--no-relax -Wl,--gc-sections -o "dma_test.elf"  ./src/helloworld.o ./src/platform.o   -Wl,--start-group,-lxil,-lgcc,-lc,--end-group
Finished building target: dma_test.elf
 
Invoking: MicroBlaze Print Size
mb-size dma_test.elf  |tee "dma_test.elf.size"
   text	   data	    bss	    dec	    hex	filename
   2812	    268	   2088	   5168	   1430	dma_test.elf
Finished building: dma_test.elf.size
 
19:04:20 **** Auto Build of configuration Debug for project dma_test ****
make all 
Building file: ../src/helloworld.c
Invoking: MicroBlaze gcc compiler
mb-gcc -Wall -O0 -g3 -c -fmessage-length=0 -MT"src/helloworld.o" -I../../dma_test_bsp/microblaze_0/include -mlittle-endian -mcpu=v10.0 -mxl-soft-mul -Wl,--no-relax -ffunction-sections -fdata-sections -MMD -MP -MF"src/helloworld.d" -MT"src/helloworld.o" -o "src/helloworld.o" "../src/helloworld.c"
Finished building: ../src/helloworld.c
 
Building target: dma_test.elf
Invoking: MicroBlaze gcc linker
mb-gcc -Wl,-T -Wl,../src/lscript.ld -L../../dma_test_bsp/microblaze_0/lib -mlittle-endian -mcpu=v10.0 -mxl-soft-mul -Wl,--no-relax -Wl,--gc-sections -o "dma_test.elf"  ./src/helloworld.o ./src/platform.o   -Wl,--start-group,-lxil,-lgcc,-lc,--end-group
Finished building target: dma_test.elf
 
Invoking: MicroBlaze Print Size
mb-size dma_test.elf  |tee "dma_test.elf.size"
   text	   data	    bss	    dec	    hex	filename
   2848	    268	   2084	   5200	   1450	dma_test.elf
Finished building: dma_test.elf.size
 
19:04:31 **** Incremental Build of configuration Debug for project dma_test1 ****
make all 
make: Nothing to be done for 'all'.
19:04:33 **** Incremental Build of configuration Debug for project dma_test ****
make all 
make: Nothing to be done for 'all'.
19:04:41 **** Incremental Build of configuration Debug for project dma_test1 ****
make all 
make: Nothing to be done for 'all'.
19:04:43 **** Incremental Build of configuration Debug for project dma_test ****
make all 
make: Nothing to be done for 'all'.
19:05:33 **** Auto Build of configuration Debug for project dma_test ****
make all 
Building file: ../src/helloworld.c
Invoking: MicroBlaze gcc compiler
mb-gcc -Wall -O0 -g3 -c -fmessage-length=0 -MT"src/helloworld.o" -I../../dma_test_bsp/microblaze_0/include -mlittle-endian -mcpu=v10.0 -mxl-soft-mul -Wl,--no-relax -ffunction-sections -fdata-sections -MMD -MP -MF"src/helloworld.d" -MT"src/helloworld.o" -o "src/helloworld.o" "../src/helloworld.c"
Finished building: ../src/helloworld.c
 
Building target: dma_test.elf
Invoking: MicroBlaze gcc linker
mb-gcc -Wl,-T -Wl,../src/lscript.ld -L../../dma_test_bsp/microblaze_0/lib -mlittle-endian -mcpu=v10.0 -mxl-soft-mul -Wl,--no-relax -Wl,--gc-sections -o "dma_test.elf"  ./src/helloworld.o ./src/platform.o   -Wl,--start-group,-lxil,-lgcc,-lc,--end-group
Finished building target: dma_test.elf
 
Invoking: MicroBlaze Print Size
mb-size dma_test.elf  |tee "dma_test.elf.size"
   text	   data	    bss	    dec	    hex	filename
   2848	    268	   2084	   5200	   1450	dma_test.elf
Finished building: dma_test.elf.size
 
19:05:42 **** Auto Build of configuration Debug for project dma_test ****
make all 
Building file: ../src/helloworld.c
Invoking: MicroBlaze gcc compiler
mb-gcc -Wall -O0 -g3 -c -fmessage-length=0 -MT"src/helloworld.o" -I../../dma_test_bsp/microblaze_0/include -mlittle-endian -mcpu=v10.0 -mxl-soft-mul -Wl,--no-relax -ffunction-sections -fdata-sections -MMD -MP -MF"src/helloworld.d" -MT"src/helloworld.o" -o "src/helloworld.o" "../src/helloworld.c"
Finished building: ../src/helloworld.c
 
Building target: dma_test.elf
Invoking: MicroBlaze gcc linker
mb-gcc -Wl,-T -Wl,../src/lscript.ld -L../../dma_test_bsp/microblaze_0/lib -mlittle-endian -mcpu=v10.0 -mxl-soft-mul -Wl,--no-relax -Wl,--gc-sections -o "dma_test.elf"  ./src/helloworld.o ./src/platform.o   -Wl,--start-group,-lxil,-lgcc,-lc,--end-group
Finished building target: dma_test.elf
 
Invoking: MicroBlaze Print Size
mb-size dma_test.elf  |tee "dma_test.elf.size"
   text	   data	    bss	    dec	    hex	filename
   2848	    268	   2084	   5200	   1450	dma_test.elf
Finished building: dma_test.elf.size
 
19:07:54 **** Auto Build of configuration Debug for project dma_test ****
make all 
Building file: ../src/helloworld.c
Invoking: MicroBlaze gcc compiler
mb-gcc -Wall -O0 -g3 -c -fmessage-length=0 -MT"src/helloworld.o" -I../../dma_test_bsp/microblaze_0/include -mlittle-endian -mcpu=v10.0 -mxl-soft-mul -Wl,--no-relax -ffunction-sections -fdata-sections -MMD -MP -MF"src/helloworld.d" -MT"src/helloworld.o" -o "src/helloworld.o" "../src/helloworld.c"
../src/helloworld.c: In function 'main':
../src/helloworld.c:106:5: error: expected ';' before 'cleanup_platform'
     cleanup_platform();
     ^~~~~~~~~~~~~~~~
make: *** [src/helloworld.o] Error 1
src/subdir.mk:24: recipe for target 'src/helloworld.o' failed
19:08:06 **** Auto Build of configuration Debug for project dma_test ****
make all 
Building file: ../src/helloworld.c
Invoking: MicroBlaze gcc compiler
mb-gcc -Wall -O0 -g3 -c -fmessage-length=0 -MT"src/helloworld.o" -I../../dma_test_bsp/microblaze_0/include -mlittle-endian -mcpu=v10.0 -mxl-soft-mul -Wl,--no-relax -ffunction-sections -fdata-sections -MMD -MP -MF"src/helloworld.d" -MT"src/helloworld.o" -o "src/helloworld.o" "../src/helloworld.c"
Finished building: ../src/helloworld.c
 
Building target: dma_test.elf
Invoking: MicroBlaze gcc linker
mb-gcc -Wl,-T -Wl,../src/lscript.ld -L../../dma_test_bsp/microblaze_0/lib -mlittle-endian -mcpu=v10.0 -mxl-soft-mul -Wl,--no-relax -Wl,--gc-sections -o "dma_test.elf"  ./src/helloworld.o ./src/platform.o   -Wl,--start-group,-lxil,-lgcc,-lc,--end-group
/opt/Xilinx/SDK/2017.2/gnu/microblaze/lin/bin/../lib/gcc/microblaze-xilinx-elf/6.2.0/../../../../microblaze-xilinx-elf/bin/ld: dma_test.elf section `.stack' will not fit in region `microblaze_0_local_memory_ilmb_bram_if_cntlr_Mem_microblaze_0_local_memory_dlmb_bram_if_cntlr_Mem'
makefile:36: recipe for target 'dma_test.elf' failed
/opt/Xilinx/SDK/2017.2/gnu/microblaze/lin/bin/../lib/gcc/microblaze-xilinx-elf/6.2.0/../../../../microblaze-xilinx-elf/bin/ld: region `microblaze_0_local_memory_ilmb_bram_if_cntlr_Mem_microblaze_0_local_memory_dlmb_bram_if_cntlr_Mem' overflowed by 776 bytes
collect2: error: ld returned 1 exit status
make: *** [dma_test.elf] Error 1
19:08:15 **** Incremental Build of configuration Debug for project dma_test1 ****
make all 
make: Nothing to be done for 'all'.
19:08:16 **** Incremental Build of configuration Debug for project dma_test ****
make all 
Building target: dma_test.elf
Invoking: MicroBlaze gcc linker
mb-gcc -Wl,-T -Wl,../src/lscript.ld -L../../dma_test_bsp/microblaze_0/lib -mlittle-endian -mcpu=v10.0 -mxl-soft-mul -Wl,--no-relax -Wl,--gc-sections -o "dma_test.elf"  ./src/helloworld.o ./src/platform.o   -Wl,--start-group,-lxil,-lgcc,-lc,--end-group
/opt/Xilinx/SDK/2017.2/gnu/microblaze/lin/bin/../lib/gcc/microblaze-xilinx-elf/6.2.0/../../../../microblaze-xilinx-elf/bin/ld: dma_test.elf section `.stack' will not fit in region `microblaze_0_local_memory_ilmb_bram_if_cntlr_Mem_microblaze_0_local_memory_dlmb_bram_if_cntlr_Mem'
makefile:36: recipe for target 'dma_test.elf' failed
/opt/Xilinx/SDK/2017.2/gnu/microblaze/lin/bin/../lib/gcc/microblaze-xilinx-elf/6.2.0/../../../../microblaze-xilinx-elf/bin/ld: region `microblaze_0_local_memory_ilmb_bram_if_cntlr_Mem_microblaze_0_local_memory_dlmb_bram_if_cntlr_Mem' overflowed by 776 bytes
collect2: error: ld returned 1 exit status
make: *** [dma_test.elf] Error 1
19:09:21 **** Clean-only build of configuration Debug for project dma_test ****
make clean 
rm -rf  ./src/helloworld.o ./src/platform.o  ./src/helloworld.d ./src/platform.d  dma_test.elf.size  dma_test.elf
 
19:09:22 **** Auto Build of configuration Debug for project dma_test ****
make all 
Building file: ../src/helloworld.c
Invoking: MicroBlaze gcc compiler
mb-gcc -Wall -O0 -g3 -c -fmessage-length=0 -MT"src/helloworld.o" -I../../dma_test_bsp/microblaze_0/include -mlittle-endian -mcpu=v10.0 -mxl-soft-mul -Wl,--no-relax -ffunction-sections -fdata-sections -MMD -MP -MF"src/helloworld.d" -MT"src/helloworld.o" -o "src/helloworld.o" "../src/helloworld.c"
Finished building: ../src/helloworld.c
 
Building file: ../src/platform.c
Invoking: MicroBlaze gcc compiler
mb-gcc -Wall -O0 -g3 -c -fmessage-length=0 -MT"src/platform.o" -I../../dma_test_bsp/microblaze_0/include -mlittle-endian -mcpu=v10.0 -mxl-soft-mul -Wl,--no-relax -ffunction-sections -fdata-sections -MMD -MP -MF"src/platform.d" -MT"src/platform.o" -o "src/platform.o" "../src/platform.c"
Finished building: ../src/platform.c
 
Building target: dma_test.elf
Invoking: MicroBlaze gcc linker
mb-gcc -Wl,-T -Wl,../src/lscript.ld -L../../dma_test_bsp/microblaze_0/lib -mlittle-endian -mcpu=v10.0 -mxl-soft-mul -Wl,--no-relax -Wl,--gc-sections -o "dma_test.elf"  ./src/helloworld.o ./src/platform.o   -Wl,--start-group,-lxil,-lgcc,-lc,--end-group
Finished building target: dma_test.elf
 
Invoking: MicroBlaze Print Size
mb-size dma_test.elf  |tee "dma_test.elf.size"
   text	   data	    bss	    dec	    hex	filename
   6564	    272	   2084	   8920	   22d8	dma_test.elf
Finished building: dma_test.elf.size
 
19:09:29 **** Incremental Build of configuration Debug for project dma_test1 ****
make all 
make: Nothing to be done for 'all'.
19:09:30 **** Incremental Build of configuration Debug for project dma_test ****
make all 
make: Nothing to be done for 'all'.
19:10:23 **** Auto Build of configuration Debug for project dma_test ****
make all 
Building file: ../src/helloworld.c
Invoking: MicroBlaze gcc compiler
mb-gcc -Wall -O0 -g3 -c -fmessage-length=0 -MT"src/helloworld.o" -I../../dma_test_bsp/microblaze_0/include -mlittle-endian -mcpu=v10.0 -mxl-soft-mul -Wl,--no-relax -ffunction-sections -fdata-sections -MMD -MP -MF"src/helloworld.d" -MT"src/helloworld.o" -o "src/helloworld.o" "../src/helloworld.c"
Finished building: ../src/helloworld.c
 
Building target: dma_test.elf
Invoking: MicroBlaze gcc linker
mb-gcc -Wl,-T -Wl,../src/lscript.ld -L../../dma_test_bsp/microblaze_0/lib -mlittle-endian -mcpu=v10.0 -mxl-soft-mul -Wl,--no-relax -Wl,--gc-sections -o "dma_test.elf"  ./src/helloworld.o ./src/platform.o   -Wl,--start-group,-lxil,-lgcc,-lc,--end-group
Finished building target: dma_test.elf
 
Invoking: MicroBlaze Print Size
mb-size dma_test.elf  |tee "dma_test.elf.size"
   text	   data	    bss	    dec	    hex	filename
   6492	    272	   2084	   8848	   2290	dma_test.elf
Finished building: dma_test.elf.size
 
19:11:31 **** Auto Build of configuration Debug for project dma_test ****
make all 
Building file: ../src/helloworld.c
Invoking: MicroBlaze gcc compiler
mb-gcc -Wall -O0 -g3 -c -fmessage-length=0 -MT"src/helloworld.o" -I../../dma_test_bsp/microblaze_0/include -mlittle-endian -mcpu=v10.0 -mxl-soft-mul -Wl,--no-relax -ffunction-sections -fdata-sections -MMD -MP -MF"src/helloworld.d" -MT"src/helloworld.o" -o "src/helloworld.o" "../src/helloworld.c"
Finished building: ../src/helloworld.c
 
Building target: dma_test.elf
Invoking: MicroBlaze gcc linker
mb-gcc -Wl,-T -Wl,../src/lscript.ld -L../../dma_test_bsp/microblaze_0/lib -mlittle-endian -mcpu=v10.0 -mxl-soft-mul -Wl,--no-relax -Wl,--gc-sections -o "dma_test.elf"  ./src/helloworld.o ./src/platform.o   -Wl,--start-group,-lxil,-lgcc,-lc,--end-group
Finished building target: dma_test.elf
 
Invoking: MicroBlaze Print Size
mb-size dma_test.elf  |tee "dma_test.elf.size"
   text	   data	    bss	    dec	    hex	filename
   6492	    272	   2084	   8848	   2290	dma_test.elf
Finished building: dma_test.elf.size
 
19:14:15 **** Auto Build of configuration Debug for project dma_test ****
make all 
Building file: ../src/helloworld.c
Invoking: MicroBlaze gcc compiler
mb-gcc -Wall -O0 -g3 -c -fmessage-length=0 -MT"src/helloworld.o" -I../../dma_test_bsp/microblaze_0/include -mlittle-endian -mcpu=v10.0 -mxl-soft-mul -Wl,--no-relax -ffunction-sections -fdata-sections -MMD -MP -MF"src/helloworld.d" -MT"src/helloworld.o" -o "src/helloworld.o" "../src/helloworld.c"
Finished building: ../src/helloworld.c
 
Building target: dma_test.elf
Invoking: MicroBlaze gcc linker
mb-gcc -Wl,-T -Wl,../src/lscript.ld -L../../dma_test_bsp/microblaze_0/lib -mlittle-endian -mcpu=v10.0 -mxl-soft-mul -Wl,--no-relax -Wl,--gc-sections -o "dma_test.elf"  ./src/helloworld.o ./src/platform.o   -Wl,--start-group,-lxil,-lgcc,-lc,--end-group
Finished building target: dma_test.elf
 
Invoking: MicroBlaze Print Size
mb-size dma_test.elf  |tee "dma_test.elf.size"
   text	   data	    bss	    dec	    hex	filename
   6672	    288	   2080	   9040	   2350	dma_test.elf
Finished building: dma_test.elf.size
 
19:18:41 **** Auto Build of configuration Debug for project dma_test ****
make all 
Building file: ../src/helloworld.c
Invoking: MicroBlaze gcc compiler
mb-gcc -Wall -O0 -g3 -c -fmessage-length=0 -MT"src/helloworld.o" -I../../dma_test_bsp/microblaze_0/include -mlittle-endian -mcpu=v10.0 -mxl-soft-mul -Wl,--no-relax -ffunction-sections -fdata-sections -MMD -MP -MF"src/helloworld.d" -MT"src/helloworld.o" -o "src/helloworld.o" "../src/helloworld.c"
Finished building: ../src/helloworld.c
 
Building target: dma_test.elf
Invoking: MicroBlaze gcc linker
mb-gcc -Wl,-T -Wl,../src/lscript.ld -L../../dma_test_bsp/microblaze_0/lib -mlittle-endian -mcpu=v10.0 -mxl-soft-mul -Wl,--no-relax -Wl,--gc-sections -o "dma_test.elf"  ./src/helloworld.o ./src/platform.o   -Wl,--start-group,-lxil,-lgcc,-lc,--end-group
Finished building target: dma_test.elf
 
Invoking: MicroBlaze Print Size
mb-size dma_test.elf  |tee "dma_test.elf.size"
   text	   data	    bss	    dec	    hex	filename
   6672	    288	   2080	   9040	   2350	dma_test.elf
Finished building: dma_test.elf.size
 
19:33:47 **** Auto Build of configuration Debug for project dma_test ****
make all 
Building file: ../src/helloworld.c
Invoking: MicroBlaze gcc compiler
mb-gcc -Wall -O0 -g3 -c -fmessage-length=0 -MT"src/helloworld.o" -I../../dma_test_bsp/microblaze_0/include -mlittle-endian -mcpu=v10.0 -mxl-soft-mul -Wl,--no-relax -ffunction-sections -fdata-sections -MMD -MP -MF"src/helloworld.d" -MT"src/helloworld.o" -o "src/helloworld.o" "../src/helloworld.c"
../src/helloworld.c: In function 'main':
../src/helloworld.c:111:17: error: 'test' undeclared (first use in this function)
     set_memory(&test, 1, data);
                 ^~~~
../src/helloworld.c:111:17: note: each undeclared identifier is reported only once for each function it appears in
../src/helloworld.c:115:28: error: 'DDR_BAS' undeclared (first use in this function)
src/subdir.mk:24: recipe for target 'src/helloworld.o' failed
     memcopy(DDR_BASE_ADDR, DDR_BAS e)
                            ^~~~~~~
../src/helloworld.c:115:36: error: expected ')' before 'e'
     memcopy(DDR_BASE_ADDR, DDR_BAS e)
                                    ^
../src/helloworld.c:115:5: error: too few arguments to function 'memcopy'
     memcopy(DDR_BASE_ADDR, DDR_BAS e)
     ^~~~~~~
../src/helloworld.c:92:6: note: declared here
 void memcopy(u32 saddr, u32 daddr, u32 length) {
      ^~~~~~~
../src/helloworld.c:117:5: error: expected ';' before 'xil_printf'
     xil_printf("Finished DMA test...\n");
     ^~~~~~~~~~
../src/helloworld.c:107:9: warning: unused variable 'test_addr' [-Wunused-variable]
     int test_addr;
         ^~~~~~~~~
make: *** [src/helloworld.o] Error 1
19:33:59 **** Auto Build of configuration Debug for project dma_test ****
make all 
Building file: ../src/helloworld.c
Invoking: MicroBlaze gcc compiler
mb-gcc -Wall -O0 -g3 -c -fmessage-length=0 -MT"src/helloworld.o" -I../../dma_test_bsp/microblaze_0/include -mlittle-endian -mcpu=v10.0 -mxl-soft-mul -Wl,--no-relax -ffunction-sections -fdata-sections -MMD -MP -MF"src/helloworld.d" -MT"src/helloworld.o" -o "src/helloworld.o" "../src/helloworld.c"
../src/helloworld.c: In function 'main':
../src/helloworld.c:111:16: warning: passing argument 1 of 'set_memory' makes integer from pointer without a cast [-Wint-conversion]
src/subdir.mk:24: recipe for target 'src/helloworld.o' failed
     set_memory(&test_addr, 1, data);
                ^
../src/helloworld.c:68:6: note: expected 'u32 {aka long unsigned int}' but argument is of type 'u32 * {aka long unsigned int *}'
 void set_memory(u32 addr, u32 length, u32 value){
      ^~~~~~~~~~
../src/helloworld.c:115:28: error: 'DDR_BAS' undeclared (first use in this function)
     memcopy(DDR_BASE_ADDR, DDR_BAS e)
                            ^~~~~~~
../src/helloworld.c:115:28: note: each undeclared identifier is reported only once for each function it appears in
../src/helloworld.c:115:36: error: expected ')' before 'e'
     memcopy(DDR_BASE_ADDR, DDR_BAS e)
                                    ^
../src/helloworld.c:115:5: error: too few arguments to function 'memcopy'
     memcopy(DDR_BASE_ADDR, DDR_BAS e)
     ^~~~~~~
../src/helloworld.c:92:6: note: declared here
 void memcopy(u32 saddr, u32 daddr, u32 length) {
      ^~~~~~~
../src/helloworld.c:117:5: error: expected ';' before 'xil_printf'
     xil_printf("Finished DMA test...\n");
     ^~~~~~~~~~
make: *** [src/helloworld.o] Error 1
19:40:39 **** Auto Build of configuration Debug for project dma_test ****
make all 
Building file: ../src/helloworld.c
Invoking: MicroBlaze gcc compiler
mb-gcc -Wall -O0 -g3 -c -fmessage-length=0 -MT"src/helloworld.o" -I../../dma_test_bsp/microblaze_0/include -mlittle-endian -mcpu=v10.0 -mxl-soft-mul -Wl,--no-relax -ffunction-sections -fdata-sections -MMD -MP -MF"src/helloworld.d" -MT"src/helloworld.o" -o "src/helloworld.o" "../src/helloworld.c"
../src/helloworld.c: In function 'main':
../src/helloworld.c:112:22: error: 'test_addr' undeclared (first use in this function)
     set_memory((u32)&test_addr, 1, data);
                      ^~~~~~~~~
../src/helloworld.c:112:22: note: each undeclared identifier is reported only once for each function it appears in
../src/helloworld.c:116:28: error: 'DDR_BAS' undeclared (first use in this function)
     memcopy(DDR_BASE_ADDR, DDR_BAS e)
                            ^~~~~~~
../src/helloworld.c:116:36: error: expected ')' before 'e'
     memcopy(DDR_BASE_ADDR, DDR_BAS e)
                                    ^
../src/helloworld.c:116:5: error: too few arguments to function 'memcopy'
     memcopy(DDR_BASE_ADDR, DDR_BAS e)
src/subdir.mk:24: recipe for target 'src/helloworld.o' failed
     ^~~~~~~
../src/helloworld.c:93:6: note: declared here
 void memcopy(u32 saddr, u32 daddr, u32 length) {
      ^~~~~~~
../src/helloworld.c:118:5: error: expected ';' before 'xil_printf'
     xil_printf("Finished DMA test...\n");
     ^~~~~~~~~~
../src/helloworld.c:108:10: warning: unused variable 'source_mem' [-Wunused-variable]
     u32 *source_mem = malloc(8);
          ^~~~~~~~~~
make: *** [src/helloworld.o] Error 1
19:41:04 **** Auto Build of configuration Debug for project dma_test ****
make all 
Building file: ../src/helloworld.c
Invoking: MicroBlaze gcc compiler
mb-gcc -Wall -O0 -g3 -c -fmessage-length=0 -MT"src/helloworld.o" -I../../dma_test_bsp/microblaze_0/include -mlittle-endian -mcpu=v10.0 -mxl-soft-mul -Wl,--no-relax -ffunction-sections -fdata-sections -MMD -MP -MF"src/helloworld.d" -MT"src/helloworld.o" -o "src/helloworld.o" "../src/helloworld.c"
../src/helloworld.c: In function 'main':
../src/helloworld.c:113:22: error: 'test_addr' undeclared (first use in this function)
     set_memory((u32)&test_addr, 1, data);
                      ^~~~~~~~~
../src/helloworld.c:113:22: note: each undeclared identifier is reported only once for each function it appears in
../src/helloworld.c:117:28: error: 'DDR_BAS' undeclared (first use in this function)
src/subdir.mk:24: recipe for target 'src/helloworld.o' failed
     memcopy(DDR_BASE_ADDR, DDR_BAS e)
                            ^~~~~~~
../src/helloworld.c:117:36: error: expected ')' before 'e'
     memcopy(DDR_BASE_ADDR, DDR_BAS e)
                                    ^
../src/helloworld.c:117:5: error: too few arguments to function 'memcopy'
     memcopy(DDR_BASE_ADDR, DDR_BAS e)
     ^~~~~~~
../src/helloworld.c:93:6: note: declared here
 void memcopy(u32 saddr, u32 daddr, u32 length) {
      ^~~~~~~
../src/helloworld.c:119:5: error: expected ';' before 'xil_printf'
     xil_printf("Finished DMA test...\n");
     ^~~~~~~~~~
../src/helloworld.c:109:10: warning: unused variable 'dest_mem' [-Wunused-variable]
     u32 *dest_mem = malloc(8);
          ^~~~~~~~
../src/helloworld.c:108:10: warning: unused variable 'source_mem' [-Wunused-variable]
     u32 *source_mem = malloc(8);
          ^~~~~~~~~~
make: *** [src/helloworld.o] Error 1
19:41:41 **** Auto Build of configuration Debug for project dma_test ****
make all 
Building file: ../src/helloworld.c
Invoking: MicroBlaze gcc compiler
mb-gcc -Wall -O0 -g3 -c -fmessage-length=0 -MT"src/helloworld.o" -I../../dma_test_bsp/microblaze_0/include -mlittle-endian -mcpu=v10.0 -mxl-soft-mul -Wl,--no-relax -ffunction-sections -fdata-sections -MMD -MP -MF"src/helloworld.d" -MT"src/helloworld.o" -o "src/helloworld.o" "../src/helloworld.c"
../src/helloworld.c: In function 'main':
../src/helloworld.c:117:28: error: 'DDR_BAS' undeclared (first use in this function)
     memcopy(DDR_BASE_ADDR, DDR_BAS e)
                            ^~~~~~~
../src/helloworld.c:117:28: note: each undeclared identifier is reported only once for each function it appears in
../src/helloworld.c:117:36: error: expected ')' before 'e'
     memcopy(DDR_BASE_ADDR, DDR_BAS e)
                                    ^
../src/helloworld.c:117:5: error: too few arguments to function 'memcopy'
src/subdir.mk:24: recipe for target 'src/helloworld.o' failed
     memcopy(DDR_BASE_ADDR, DDR_BAS e)
     ^~~~~~~
../src/helloworld.c:93:6: note: declared here
 void memcopy(u32 saddr, u32 daddr, u32 length) {
      ^~~~~~~
../src/helloworld.c:119:5: error: expected ';' before 'xil_printf'
     xil_printf("Finished DMA test...\n");
     ^~~~~~~~~~
../src/helloworld.c:109:10: warning: unused variable 'dest_mem' [-Wunused-variable]
     u32 *dest_mem = malloc(8);
          ^~~~~~~~
make: *** [src/helloworld.o] Error 1
19:42:54 **** Auto Build of configuration Debug for project dma_test ****
make all 
Building file: ../src/helloworld.c
Invoking: MicroBlaze gcc compiler
mb-gcc -Wall -O0 -g3 -c -fmessage-length=0 -MT"src/helloworld.o" -I../../dma_test_bsp/microblaze_0/include -mlittle-endian -mcpu=v10.0 -mxl-soft-mul -Wl,--no-relax -ffunction-sections -fdata-sections -MMD -MP -MF"src/helloworld.d" -MT"src/helloworld.o" -o "src/helloworld.o" "../src/helloworld.c"
../src/helloworld.c: In function 'main':
../src/helloworld.c:117:28: error: 'DDR_BAS' undeclared (first use in this function)
     memcopy(DDR_BASE_ADDR, DDR_BAS e)
                            ^~~~~~~
../src/helloworld.c:117:28: note: each undeclared identifier is reported only once for each function it appears in
../src/helloworld.c:117:36: error: expected ')' before 'e'
     memcopy(DDR_BASE_ADDR, DDR_BAS e)
                                    ^
../src/helloworld.c:117:5: error: too few arguments to function 'memcopy'
src/subdir.mk:24: recipe for target 'src/helloworld.o' failed
     memcopy(DDR_BASE_ADDR, DDR_BAS e)
     ^~~~~~~
../src/helloworld.c:93:6: note: declared here
 void memcopy(u32 saddr, u32 daddr, u32 length) {
      ^~~~~~~
../src/helloworld.c:119:5: error: expected ';' before 'xil_printf'
     xil_printf("Finished DMA test...\n");
     ^~~~~~~~~~
../src/helloworld.c:109:10: warning: unused variable 'dest_mem' [-Wunused-variable]
     u32 *dest_mem = malloc(8);
          ^~~~~~~~
make: *** [src/helloworld.o] Error 1
19:43:20 **** Auto Build of configuration Debug for project dma_test ****
make all 
Building file: ../src/helloworld.c
Invoking: MicroBlaze gcc compiler
mb-gcc -Wall -O0 -g3 -c -fmessage-length=0 -MT"src/helloworld.o" -I../../dma_test_bsp/microblaze_0/include -mlittle-endian -mcpu=v10.0 -mxl-soft-mul -Wl,--no-relax -ffunction-sections -fdata-sections -MMD -MP -MF"src/helloworld.d" -MT"src/helloworld.o" -o "src/helloworld.o" "../src/helloworld.c"
../src/helloworld.c: In function 'main':
../src/helloworld.c:119:5: error: expected ';' before 'xil_printf'
     xil_printf("Finished DMA test...\n");
     ^~~~~~~~~~
make: *** [src/helloworld.o] Error 1
src/subdir.mk:24: recipe for target 'src/helloworld.o' failed
19:43:25 **** Auto Build of configuration Debug for project dma_test ****
make all 
Building file: ../src/helloworld.c
Invoking: MicroBlaze gcc compiler
mb-gcc -Wall -O0 -g3 -c -fmessage-length=0 -MT"src/helloworld.o" -I../../dma_test_bsp/microblaze_0/include -mlittle-endian -mcpu=v10.0 -mxl-soft-mul -Wl,--no-relax -ffunction-sections -fdata-sections -MMD -MP -MF"src/helloworld.d" -MT"src/helloworld.o" -o "src/helloworld.o" "../src/helloworld.c"
Finished building: ../src/helloworld.c
 
Building target: dma_test.elf
Invoking: MicroBlaze gcc linker
mb-gcc -Wl,-T -Wl,../src/lscript.ld -L../../dma_test_bsp/microblaze_0/lib -mlittle-endian -mcpu=v10.0 -mxl-soft-mul -Wl,--no-relax -Wl,--gc-sections -o "dma_test.elf"  ./src/helloworld.o ./src/platform.o   -Wl,--start-group,-lxil,-lgcc,-lc,--end-group
/opt/Xilinx/SDK/2017.2/gnu/microblaze/lin/bin/../lib/gcc/microblaze-xilinx-elf/6.2.0/../../../../microblaze-xilinx-elf/bin/ld: dma_test.elf section `.text' will not fit in region `microblaze_0_local_memory_ilmb_bram_if_cntlr_Mem_microblaze_0_local_memory_dlmb_bram_if_cntlr_Mem'
makefile:36: recipe for target 'dma_test.elf' failed
/opt/Xilinx/SDK/2017.2/gnu/microblaze/lin/bin/../lib/gcc/microblaze-xilinx-elf/6.2.0/../../../../microblaze-xilinx-elf/bin/ld: region `microblaze_0_local_memory_ilmb_bram_if_cntlr_Mem_microblaze_0_local_memory_dlmb_bram_if_cntlr_Mem' overflowed by 9020 bytes
collect2: error: ld returned 1 exit status
make: *** [dma_test.elf] Error 1
19:43:49 **** Auto Build of configuration Debug for project dma_test ****
make all 
Building file: ../src/helloworld.c
Invoking: MicroBlaze gcc compiler
mb-gcc -Wall -O0 -g3 -c -fmessage-length=0 -MT"src/helloworld.o" -I../../dma_test_bsp/microblaze_0/include -mlittle-endian -mcpu=v10.0 -mxl-soft-mul -Wl,--no-relax -ffunction-sections -fdata-sections -MMD -MP -MF"src/helloworld.d" -MT"src/helloworld.o" -o "src/helloworld.o" "../src/helloworld.c"
../src/helloworld.c: In function 'main':
../src/helloworld.c:118:5: error: too few arguments to function 'print_memory'
     print_memory((u32)dest_mem);
     ^~~~~~~~~~~~
../src/helloworld.c:78:6: note: declared here
 void print_memory(u32 addr, u32 length){
      ^~~~~~~~~~~~
make: *** [src/helloworld.o] Error 1
src/subdir.mk:24: recipe for target 'src/helloworld.o' failed
19:43:54 **** Auto Build of configuration Debug for project dma_test ****
make all 
Building file: ../src/helloworld.c
Invoking: MicroBlaze gcc compiler
mb-gcc -Wall -O0 -g3 -c -fmessage-length=0 -MT"src/helloworld.o" -I../../dma_test_bsp/microblaze_0/include -mlittle-endian -mcpu=v10.0 -mxl-soft-mul -Wl,--no-relax -ffunction-sections -fdata-sections -MMD -MP -MF"src/helloworld.d" -MT"src/helloworld.o" -o "src/helloworld.o" "../src/helloworld.c"
Finished building: ../src/helloworld.c
 
Building target: dma_test.elf
Invoking: MicroBlaze gcc linker
mb-gcc -Wl,-T -Wl,../src/lscript.ld -L../../dma_test_bsp/microblaze_0/lib -mlittle-endian -mcpu=v10.0 -mxl-soft-mul -Wl,--no-relax -Wl,--gc-sections -o "dma_test.elf"  ./src/helloworld.o ./src/platform.o   -Wl,--start-group,-lxil,-lgcc,-lc,--end-group
/opt/Xilinx/SDK/2017.2/gnu/microblaze/lin/bin/../lib/gcc/microblaze-xilinx-elf/6.2.0/../../../../microblaze-xilinx-elf/bin/ld: dma_test.elf section `.text' will not fit in region `microblaze_0_local_memory_ilmb_bram_if_cntlr_Mem_microblaze_0_local_memory_dlmb_bram_if_cntlr_Mem'
makefile:36: recipe for target 'dma_test.elf' failed
/opt/Xilinx/SDK/2017.2/gnu/microblaze/lin/bin/../lib/gcc/microblaze-xilinx-elf/6.2.0/../../../../microblaze-xilinx-elf/bin/ld: region `microblaze_0_local_memory_ilmb_bram_if_cntlr_Mem_microblaze_0_local_memory_dlmb_bram_if_cntlr_Mem' overflowed by 9044 bytes
collect2: error: ld returned 1 exit status
make: *** [dma_test.elf] Error 1
19:44:01 **** Incremental Build of configuration Debug for project dma_test1 ****
make all 
make: Nothing to be done for 'all'.
19:44:03 **** Incremental Build of configuration Debug for project dma_test ****
make all 
Building target: dma_test.elf
Invoking: MicroBlaze gcc linker
mb-gcc -Wl,-T -Wl,../src/lscript.ld -L../../dma_test_bsp/microblaze_0/lib -mlittle-endian -mcpu=v10.0 -mxl-soft-mul -Wl,--no-relax -Wl,--gc-sections -o "dma_test.elf"  ./src/helloworld.o ./src/platform.o   -Wl,--start-group,-lxil,-lgcc,-lc,--end-group
/opt/Xilinx/SDK/2017.2/gnu/microblaze/lin/bin/../lib/gcc/microblaze-xilinx-elf/6.2.0/../../../../microblaze-xilinx-elf/bin/ld: dma_test.elf section `.text' will not fit in region `microblaze_0_local_memory_ilmb_bram_if_cntlr_Mem_microblaze_0_local_memory_dlmb_bram_if_cntlr_Mem'
makefile:36: recipe for target 'dma_test.elf' failed
/opt/Xilinx/SDK/2017.2/gnu/microblaze/lin/bin/../lib/gcc/microblaze-xilinx-elf/6.2.0/../../../../microblaze-xilinx-elf/bin/ld: region `microblaze_0_local_memory_ilmb_bram_if_cntlr_Mem_microblaze_0_local_memory_dlmb_bram_if_cntlr_Mem' overflowed by 9044 bytes
collect2: error: ld returned 1 exit status
make: *** [dma_test.elf] Error 1
19:44:38 **** Clean-only build of configuration Debug for project dma_test ****
make clean 
rm -rf  ./src/helloworld.o ./src/platform.o  ./src/helloworld.d ./src/platform.d  dma_test.elf.size  dma_test.elf
 
19:44:39 **** Auto Build of configuration Debug for project dma_test ****
make all 
Building file: ../src/helloworld.c
Invoking: MicroBlaze gcc compiler
mb-gcc -Wall -O0 -g3 -c -fmessage-length=0 -MT"src/helloworld.o" -I../../dma_test_bsp/microblaze_0/include -mlittle-endian -mcpu=v10.0 -mxl-soft-mul -Wl,--no-relax -ffunction-sections -fdata-sections -MMD -MP -MF"src/helloworld.d" -MT"src/helloworld.o" -o "src/helloworld.o" "../src/helloworld.c"
Finished building: ../src/helloworld.c
 
Building file: ../src/platform.c
Invoking: MicroBlaze gcc compiler
mb-gcc -Wall -O0 -g3 -c -fmessage-length=0 -MT"src/platform.o" -I../../dma_test_bsp/microblaze_0/include -mlittle-endian -mcpu=v10.0 -mxl-soft-mul -Wl,--no-relax -ffunction-sections -fdata-sections -MMD -MP -MF"src/platform.d" -MT"src/platform.o" -o "src/platform.o" "../src/platform.c"
Finished building: ../src/platform.c
 
Building target: dma_test.elf
Invoking: MicroBlaze gcc linker
mb-gcc -Wl,-T -Wl,../src/lscript.ld -L../../dma_test_bsp/microblaze_0/lib -mlittle-endian -mcpu=v10.0 -mxl-soft-mul -Wl,--no-relax -Wl,--gc-sections -o "dma_test.elf"  ./src/helloworld.o ./src/platform.o   -Wl,--start-group,-lxil,-lgcc,-lc,--end-group
Finished building target: dma_test.elf
 
Invoking: MicroBlaze Print Size
mb-size dma_test.elf  |tee "dma_test.elf.size"
   text	   data	    bss	    dec	    hex	filename
  15748	   1344	   2148	  19240	   4b28	dma_test.elf
Finished building: dma_test.elf.size
 
19:44:44 **** Incremental Build of configuration Debug for project dma_test1 ****
make all 
make: Nothing to be done for 'all'.
19:44:46 **** Incremental Build of configuration Debug for project dma_test ****
make all 
make: Nothing to be done for 'all'.
19:46:08 **** Auto Build of configuration Debug for project dma_test ****
make all 
Building file: ../src/helloworld.c
Invoking: MicroBlaze gcc compiler
mb-gcc -Wall -O0 -g3 -c -fmessage-length=0 -MT"src/helloworld.o" -I../../dma_test_bsp/microblaze_0/include -mlittle-endian -mcpu=v10.0 -mxl-soft-mul -Wl,--no-relax -ffunction-sections -fdata-sections -MMD -MP -MF"src/helloworld.d" -MT"src/helloworld.o" -o "src/helloworld.o" "../src/helloworld.c"
Finished building: ../src/helloworld.c
 
Building target: dma_test.elf
Invoking: MicroBlaze gcc linker
mb-gcc -Wl,-T -Wl,../src/lscript.ld -L../../dma_test_bsp/microblaze_0/lib -mlittle-endian -mcpu=v10.0 -mxl-soft-mul -Wl,--no-relax -Wl,--gc-sections -o "dma_test.elf"  ./src/helloworld.o ./src/platform.o   -Wl,--start-group,-lxil,-lgcc,-lc,--end-group
Finished building target: dma_test.elf
 
Invoking: MicroBlaze Print Size
mb-size dma_test.elf  |tee "dma_test.elf.size"
   text	   data	    bss	    dec	    hex	filename
  15748	   1344	   2148	  19240	   4b28	dma_test.elf
Finished building: dma_test.elf.size
 
19:46:10 **** Incremental Build of configuration Debug for project dma_test1 ****
make all 
make: Nothing to be done for 'all'.
19:46:12 **** Incremental Build of configuration Debug for project dma_test ****
make all 
make: Nothing to be done for 'all'.
19:47:18 **** Auto Build of configuration Debug for project dma_test ****
make all 
Building file: ../src/helloworld.c
Invoking: MicroBlaze gcc compiler
mb-gcc -Wall -O0 -g3 -c -fmessage-length=0 -MT"src/helloworld.o" -I../../dma_test_bsp/microblaze_0/include -mlittle-endian -mcpu=v10.0 -mxl-soft-mul -Wl,--no-relax -ffunction-sections -fdata-sections -MMD -MP -MF"src/helloworld.d" -MT"src/helloworld.o" -o "src/helloworld.o" "../src/helloworld.c"
../src/helloworld.c: In function 'main':
../src/helloworld.c:119:12: error: expected expression before 'int'
     while (int i = 0; i < 1000; i++) {}
            ^~~
src/subdir.mk:24: recipe for target 'src/helloworld.o' failed
make: *** [src/helloworld.o] Error 1
19:47:28 **** Auto Build of configuration Debug for project dma_test ****
make all 
Building file: ../src/helloworld.c
Invoking: MicroBlaze gcc compiler
mb-gcc -Wall -O0 -g3 -c -fmessage-length=0 -MT"src/helloworld.o" -I../../dma_test_bsp/microblaze_0/include -mlittle-endian -mcpu=v10.0 -mxl-soft-mul -Wl,--no-relax -ffunction-sections -fdata-sections -MMD -MP -MF"src/helloworld.d" -MT"src/helloworld.o" -o "src/helloworld.o" "../src/helloworld.c"
../src/helloworld.c: In function 'main':
../src/helloworld.c:120:12: error: expected expression before 'int'
     while (int i = 0; i < 1000; i++) {}
            ^~~
../src/helloworld.c:106:6: warning: unused variable 'i' [-Wunused-variable]
  int i;
      ^
make: *** [src/helloworld.o] Error 1
src/subdir.mk:24: recipe for target 'src/helloworld.o' failed
19:47:33 **** Auto Build of configuration Debug for project dma_test ****
make all 
Building file: ../src/helloworld.c
Invoking: MicroBlaze gcc compiler
mb-gcc -Wall -O0 -g3 -c -fmessage-length=0 -MT"src/helloworld.o" -I../../dma_test_bsp/microblaze_0/include -mlittle-endian -mcpu=v10.0 -mxl-soft-mul -Wl,--no-relax -ffunction-sections -fdata-sections -MMD -MP -MF"src/helloworld.d" -MT"src/helloworld.o" -o "src/helloworld.o" "../src/helloworld.c"
../src/helloworld.c: In function 'main':
../src/helloworld.c:120:5: warning: suggest parentheses around assignment used as truth value [-Wparentheses]
     while (i = 0; i < 1000; i++) {}
     ^~~~~
../src/helloworld.c:120:17: error: expected ')' before ';' token
     while (i = 0; i < 1000; i++) {}
                 ^
src/subdir.mk:24: recipe for target 'src/helloworld.o' failed
make: *** [src/helloworld.o] Error 1
19:47:46 **** Auto Build of configuration Debug for project dma_test ****
make all 
Building file: ../src/helloworld.c
Invoking: MicroBlaze gcc compiler
mb-gcc -Wall -O0 -g3 -c -fmessage-length=0 -MT"src/helloworld.o" -I../../dma_test_bsp/microblaze_0/include -mlittle-endian -mcpu=v10.0 -mxl-soft-mul -Wl,--no-relax -ffunction-sections -fdata-sections -MMD -MP -MF"src/helloworld.d" -MT"src/helloworld.o" -o "src/helloworld.o" "../src/helloworld.c"
../src/helloworld.c: In function 'main':
../src/helloworld.c:120:5: warning: suggest parentheses around assignment used as truth value [-Wparentheses]
     while (i = 0; i < 1000; i++) {;}
     ^~~~~
../src/helloworld.c:120:17: error: expected ')' before ';' token
     while (i = 0; i < 1000; i++) {;}
                 ^
src/subdir.mk:24: recipe for target 'src/helloworld.o' failed
make: *** [src/helloworld.o] Error 1
19:48:26 **** Auto Build of configuration Debug for project dma_test ****
make all 
Building file: ../src/helloworld.c
Invoking: MicroBlaze gcc compiler
mb-gcc -Wall -O0 -g3 -c -fmessage-length=0 -MT"src/helloworld.o" -I../../dma_test_bsp/microblaze_0/include -mlittle-endian -mcpu=v10.0 -mxl-soft-mul -Wl,--no-relax -ffunction-sections -fdata-sections -MMD -MP -MF"src/helloworld.d" -MT"src/helloworld.o" -o "src/helloworld.o" "../src/helloworld.c"
../src/helloworld.c: In function 'main':
../src/helloworld.c:119:12: error: expected expression before 'int'
     while (int i = 0; i < 1000; i++) {
            ^~~
../src/helloworld.c:120:6: error: 'i' undeclared (first use in this function)
      i++
      ^
../src/helloworld.c:120:6: note: each undeclared identifier is reported only once for each function it appears in
src/subdir.mk:24: recipe for target 'src/helloworld.o' failed
../src/helloworld.c:121:5: error: expected ';' before '}' token
     }
     ^
make: *** [src/helloworld.o] Error 1
19:48:29 **** Auto Build of configuration Debug for project dma_test ****
make all 
Building file: ../src/helloworld.c
Invoking: MicroBlaze gcc compiler
mb-gcc -Wall -O0 -g3 -c -fmessage-length=0 -MT"src/helloworld.o" -I../../dma_test_bsp/microblaze_0/include -mlittle-endian -mcpu=v10.0 -mxl-soft-mul -Wl,--no-relax -ffunction-sections -fdata-sections -MMD -MP -MF"src/helloworld.d" -MT"src/helloworld.o" -o "src/helloworld.o" "../src/helloworld.c"
../src/helloworld.c: In function 'main':
../src/helloworld.c:119:12: error: expected expression before 'int'
     while (int i = 0; i < 1000; i++) {
            ^~~
../src/helloworld.c:120:6: error: 'i' undeclared (first use in this function)
      i++;
      ^
../src/helloworld.c:120:6: note: each undeclared identifier is reported only once for each function it appears in
src/subdir.mk:24: recipe for target 'src/helloworld.o' failed
make: *** [src/helloworld.o] Error 1
19:48:53 **** Auto Build of configuration Debug for project dma_test ****
make all 
Building file: ../src/helloworld.c
Invoking: MicroBlaze gcc compiler
mb-gcc -Wall -O0 -g3 -c -fmessage-length=0 -MT"src/helloworld.o" -I../../dma_test_bsp/microblaze_0/include -mlittle-endian -mcpu=v10.0 -mxl-soft-mul -Wl,--no-relax -ffunction-sections -fdata-sections -MMD -MP -MF"src/helloworld.d" -MT"src/helloworld.o" -o "src/helloworld.o" "../src/helloworld.c"
Finished building: ../src/helloworld.c
 
Building target: dma_test.elf
Invoking: MicroBlaze gcc linker
mb-gcc -Wl,-T -Wl,../src/lscript.ld -L../../dma_test_bsp/microblaze_0/lib -mlittle-endian -mcpu=v10.0 -mxl-soft-mul -Wl,--no-relax -Wl,--gc-sections -o "dma_test.elf"  ./src/helloworld.o ./src/platform.o   -Wl,--start-group,-lxil,-lgcc,-lc,--end-group
Finished building target: dma_test.elf
 
Invoking: MicroBlaze Print Size
mb-size dma_test.elf  |tee "dma_test.elf.size"
   text	   data	    bss	    dec	    hex	filename
  15748	   1344	   2148	  19240	   4b28	dma_test.elf
Finished building: dma_test.elf.size
 
19:49:11 **** Auto Build of configuration Debug for project dma_test ****
make all 
Building file: ../src/helloworld.c
Invoking: MicroBlaze gcc compiler
mb-gcc -Wall -O0 -g3 -c -fmessage-length=0 -MT"src/helloworld.o" -I../../dma_test_bsp/microblaze_0/include -mlittle-endian -mcpu=v10.0 -mxl-soft-mul -Wl,--no-relax -ffunction-sections -fdata-sections -MMD -MP -MF"src/helloworld.d" -MT"src/helloworld.o" -o "src/helloworld.o" "../src/helloworld.c"
Finished building: ../src/helloworld.c
 
Building target: dma_test.elf
Invoking: MicroBlaze gcc linker
mb-gcc -Wl,-T -Wl,../src/lscript.ld -L../../dma_test_bsp/microblaze_0/lib -mlittle-endian -mcpu=v10.0 -mxl-soft-mul -Wl,--no-relax -Wl,--gc-sections -o "dma_test.elf"  ./src/helloworld.o ./src/platform.o   -Wl,--start-group,-lxil,-lgcc,-lc,--end-group
Finished building target: dma_test.elf
 
Invoking: MicroBlaze Print Size
mb-size dma_test.elf  |tee "dma_test.elf.size"
   text	   data	    bss	    dec	    hex	filename
  15784	   1344	   2144	  19272	   4b48	dma_test.elf
Finished building: dma_test.elf.size
 
19:49:18 **** Incremental Build of configuration Debug for project dma_test1 ****
make all 
make: Nothing to be done for 'all'.
19:49:19 **** Incremental Build of configuration Debug for project dma_test ****
make all 
make: Nothing to be done for 'all'.
19:51:04 **** Auto Build of configuration Debug for project dma_test ****
make all 
Building file: ../src/helloworld.c
Invoking: MicroBlaze gcc compiler
mb-gcc -Wall -O0 -g3 -c -fmessage-length=0 -MT"src/helloworld.o" -I../../dma_test_bsp/microblaze_0/include -mlittle-endian -mcpu=v10.0 -mxl-soft-mul -Wl,--no-relax -ffunction-sections -fdata-sections -MMD -MP -MF"src/helloworld.d" -MT"src/helloworld.o" -o "src/helloworld.o" "../src/helloworld.c"
Finished building: ../src/helloworld.c
 
Building target: dma_test.elf
Invoking: MicroBlaze gcc linker
mb-gcc -Wl,-T -Wl,../src/lscript.ld -L../../dma_test_bsp/microblaze_0/lib -mlittle-endian -mcpu=v10.0 -mxl-soft-mul -Wl,--no-relax -Wl,--gc-sections -o "dma_test.elf"  ./src/helloworld.o ./src/platform.o   -Wl,--start-group,-lxil,-lgcc,-lc,--end-group
Finished building target: dma_test.elf
 
Invoking: MicroBlaze Print Size
mb-size dma_test.elf  |tee "dma_test.elf.size"
   text	   data	    bss	    dec	    hex	filename
  15784	   1344	   2144	  19272	   4b48	dma_test.elf
Finished building: dma_test.elf.size
 
19:52:04 **** Auto Build of configuration Debug for project dma_test ****
make all 
Building file: ../src/helloworld.c
Invoking: MicroBlaze gcc compiler
mb-gcc -Wall -O0 -g3 -c -fmessage-length=0 -MT"src/helloworld.o" -I../../dma_test_bsp/microblaze_0/include -mlittle-endian -mcpu=v10.0 -mxl-soft-mul -Wl,--no-relax -ffunction-sections -fdata-sections -MMD -MP -MF"src/helloworld.d" -MT"src/helloworld.o" -o "src/helloworld.o" "../src/helloworld.c"
Finished building: ../src/helloworld.c
 
Building target: dma_test.elf
Invoking: MicroBlaze gcc linker
mb-gcc -Wl,-T -Wl,../src/lscript.ld -L../../dma_test_bsp/microblaze_0/lib -mlittle-endian -mcpu=v10.0 -mxl-soft-mul -Wl,--no-relax -Wl,--gc-sections -o "dma_test.elf"  ./src/helloworld.o ./src/platform.o   -Wl,--start-group,-lxil,-lgcc,-lc,--end-group
Finished building target: dma_test.elf
 
Invoking: MicroBlaze Print Size
mb-size dma_test.elf  |tee "dma_test.elf.size"
   text	   data	    bss	    dec	    hex	filename
  15784	   1344	   2144	  19272	   4b48	dma_test.elf
Finished building: dma_test.elf.size
 
19:56:33 **** Auto Build of configuration Debug for project dma_test ****
make all 
Building file: ../src/helloworld.c
Invoking: MicroBlaze gcc compiler
mb-gcc -Wall -O0 -g3 -c -fmessage-length=0 -MT"src/helloworld.o" -I../../dma_test_bsp/microblaze_0/include -mlittle-endian -mcpu=v10.0 -mxl-soft-mul -Wl,--no-relax -ffunction-sections -fdata-sections -MMD -MP -MF"src/helloworld.d" -MT"src/helloworld.o" -o "src/helloworld.o" "../src/helloworld.c"
Finished building: ../src/helloworld.c
 
Building target: dma_test.elf
Invoking: MicroBlaze gcc linker
mb-gcc -Wl,-T -Wl,../src/lscript.ld -L../../dma_test_bsp/microblaze_0/lib -mlittle-endian -mcpu=v10.0 -mxl-soft-mul -Wl,--no-relax -Wl,--gc-sections -o "dma_test.elf"  ./src/helloworld.o ./src/platform.o   -Wl,--start-group,-lxil,-lgcc,-lc,--end-group
Finished building target: dma_test.elf
 
Invoking: MicroBlaze Print Size
mb-size dma_test.elf  |tee "dma_test.elf.size"
   text	   data	    bss	    dec	    hex	filename
  15820	   1344	   2148	  19312	   4b70	dma_test.elf
Finished building: dma_test.elf.size
 
19:56:42 **** Incremental Build of configuration Debug for project dma_test1 ****
make all 
make: Nothing to be done for 'all'.
19:56:43 **** Incremental Build of configuration Debug for project dma_test ****
make all 
make: Nothing to be done for 'all'.
19:57:25 **** Auto Build of configuration Debug for project dma_test ****
make all 
Building file: ../src/helloworld.c
Invoking: MicroBlaze gcc compiler
mb-gcc -Wall -O0 -g3 -c -fmessage-length=0 -MT"src/helloworld.o" -I../../dma_test_bsp/microblaze_0/include -mlittle-endian -mcpu=v10.0 -mxl-soft-mul -Wl,--no-relax -ffunction-sections -fdata-sections -MMD -MP -MF"src/helloworld.d" -MT"src/helloworld.o" -o "src/helloworld.o" "../src/helloworld.c"
Finished building: ../src/helloworld.c
 
Building target: dma_test.elf
Invoking: MicroBlaze gcc linker
mb-gcc -Wl,-T -Wl,../src/lscript.ld -L../../dma_test_bsp/microblaze_0/lib -mlittle-endian -mcpu=v10.0 -mxl-soft-mul -Wl,--no-relax -Wl,--gc-sections -o "dma_test.elf"  ./src/helloworld.o ./src/platform.o   -Wl,--start-group,-lxil,-lgcc,-lc,--end-group
Finished building target: dma_test.elf
 
Invoking: MicroBlaze Print Size
mb-size dma_test.elf  |tee "dma_test.elf.size"
   text	   data	    bss	    dec	    hex	filename
  15852	   1344	   2148	  19344	   4b90	dma_test.elf
Finished building: dma_test.elf.size
 
19:57:30 **** Incremental Build of configuration Debug for project dma_test1 ****
make all 
make: Nothing to be done for 'all'.
19:57:32 **** Incremental Build of configuration Debug for project dma_test ****
make all 
make: Nothing to be done for 'all'.
19:58:42 **** Incremental Build of configuration Debug for project dma_test1 ****
make all 
make: Nothing to be done for 'all'.
19:58:43 **** Incremental Build of configuration Debug for project dma_test ****
make all 
make: Nothing to be done for 'all'.
19:59:36 **** Auto Build of configuration Debug for project dma_test ****
make all 
Building file: ../src/helloworld.c
Invoking: MicroBlaze gcc compiler
mb-gcc -Wall -O0 -g3 -c -fmessage-length=0 -MT"src/helloworld.o" -I../../dma_test_bsp/microblaze_0/include -mlittle-endian -mcpu=v10.0 -mxl-soft-mul -Wl,--no-relax -ffunction-sections -fdata-sections -MMD -MP -MF"src/helloworld.d" -MT"src/helloworld.o" -o "src/helloworld.o" "../src/helloworld.c"
Finished building: ../src/helloworld.c
 
Building target: dma_test.elf
Invoking: MicroBlaze gcc linker
mb-gcc -Wl,-T -Wl,../src/lscript.ld -L../../dma_test_bsp/microblaze_0/lib -mlittle-endian -mcpu=v10.0 -mxl-soft-mul -Wl,--no-relax -Wl,--gc-sections -o "dma_test.elf"  ./src/helloworld.o ./src/platform.o   -Wl,--start-group,-lxil,-lgcc,-lc,--end-group
Finished building target: dma_test.elf
 
Invoking: MicroBlaze Print Size
mb-size dma_test.elf  |tee "dma_test.elf.size"
   text	   data	    bss	    dec	    hex	filename
  15852	   1344	   2148	  19344	   4b90	dma_test.elf
Finished building: dma_test.elf.size
 
19:59:37 **** Incremental Build of configuration Debug for project dma_test1 ****
make all 
make: Nothing to be done for 'all'.
19:59:38 **** Incremental Build of configuration Debug for project dma_test ****
make all 
make: Nothing to be done for 'all'.
20:00:10 **** Auto Build of configuration Debug for project dma_test ****
make all 
Building file: ../src/helloworld.c
Invoking: MicroBlaze gcc compiler
mb-gcc -Wall -O0 -g3 -c -fmessage-length=0 -MT"src/helloworld.o" -I../../dma_test_bsp/microblaze_0/include -mlittle-endian -mcpu=v10.0 -mxl-soft-mul -Wl,--no-relax -ffunction-sections -fdata-sections -MMD -MP -MF"src/helloworld.d" -MT"src/helloworld.o" -o "src/helloworld.o" "../src/helloworld.c"
Finished building: ../src/helloworld.c
 
Building target: dma_test.elf
Invoking: MicroBlaze gcc linker
mb-gcc -Wl,-T -Wl,../src/lscript.ld -L../../dma_test_bsp/microblaze_0/lib -mlittle-endian -mcpu=v10.0 -mxl-soft-mul -Wl,--no-relax -Wl,--gc-sections -o "dma_test.elf"  ./src/helloworld.o ./src/platform.o   -Wl,--start-group,-lxil,-lgcc,-lc,--end-group
Finished building target: dma_test.elf
 
Invoking: MicroBlaze Print Size
mb-size dma_test.elf  |tee "dma_test.elf.size"
   text	   data	    bss	    dec	    hex	filename
  15904	   1344	   2144	  19392	   4bc0	dma_test.elf
Finished building: dma_test.elf.size
 
20:00:11 **** Incremental Build of configuration Debug for project dma_test1 ****
make all 
make: Nothing to be done for 'all'.
20:00:12 **** Incremental Build of configuration Debug for project dma_test ****
make all 
make: Nothing to be done for 'all'.
20:29:58 **** Auto Build of configuration Debug for project dma_test ****
make all 
Building file: ../src/helloworld.c
Invoking: MicroBlaze gcc compiler
mb-gcc -Wall -O0 -g3 -c -fmessage-length=0 -MT"src/helloworld.o" -I../../dma_test_bsp/microblaze_0/include -mlittle-endian -mcpu=v10.0 -mxl-soft-mul -Wl,--no-relax -ffunction-sections -fdata-sections -MMD -MP -MF"src/helloworld.d" -MT"src/helloworld.o" -o "src/helloworld.o" "../src/helloworld.c"
../src/helloworld.c: In function 'dma_mm2_sync':
../src/helloworld.c:114:6: warning: unused variable 'mm2s_status' [-Wunused-variable]
  u32 mm2s_status = *MM2S_DMASR;
      ^~~~~~~~~~~
Finished building: ../src/helloworld.c
 
Building target: dma_test.elf
Invoking: MicroBlaze gcc linker
mb-gcc -Wl,-T -Wl,../src/lscript.ld -L../../dma_test_bsp/microblaze_0/lib -mlittle-endian -mcpu=v10.0 -mxl-soft-mul -Wl,--no-relax -Wl,--gc-sections -o "dma_test.elf"  ./src/helloworld.o ./src/platform.o   -Wl,--start-group,-lxil,-lgcc,-lc,--end-group
Finished building target: dma_test.elf
 
Invoking: MicroBlaze Print Size
mb-size dma_test.elf  |tee "dma_test.elf.size"
   text	   data	    bss	    dec	    hex	filename
  15904	   1344	   2144	  19392	   4bc0	dma_test.elf
Finished building: dma_test.elf.size
 
20:30:21 **** Auto Build of configuration Debug for project dma_test ****
make all 
Building file: ../src/helloworld.c
Invoking: MicroBlaze gcc compiler
mb-gcc -Wall -O0 -g3 -c -fmessage-length=0 -MT"src/helloworld.o" -I../../dma_test_bsp/microblaze_0/include -mlittle-endian -mcpu=v10.0 -mxl-soft-mul -Wl,--no-relax -ffunction-sections -fdata-sections -MMD -MP -MF"src/helloworld.d" -MT"src/helloworld.o" -o "src/helloworld.o" "../src/helloworld.c"
../src/helloworld.c: In function 'dma_mm2_sync':
../src/helloworld.c:112:6: warning: unused variable 'mm2s_status' [-Wunused-variable]
  u32 mm2s_status = *MM2S_DMASR;
      ^~~~~~~~~~~
Finished building: ../src/helloworld.c
 
Building target: dma_test.elf
Invoking: MicroBlaze gcc linker
mb-gcc -Wl,-T -Wl,../src/lscript.ld -L../../dma_test_bsp/microblaze_0/lib -mlittle-endian -mcpu=v10.0 -mxl-soft-mul -Wl,--no-relax -Wl,--gc-sections -o "dma_test.elf"  ./src/helloworld.o ./src/platform.o   -Wl,--start-group,-lxil,-lgcc,-lc,--end-group
Finished building target: dma_test.elf
 
Invoking: MicroBlaze Print Size
mb-size dma_test.elf  |tee "dma_test.elf.size"
   text	   data	    bss	    dec	    hex	filename
  16000	   1344	   2144	  19488	   4c20	dma_test.elf
Finished building: dma_test.elf.size
 
20:30:26 **** Incremental Build of configuration Debug for project dma_test1 ****
make all 
make: Nothing to be done for 'all'.
20:30:28 **** Incremental Build of configuration Debug for project dma_test ****
make all 
make: Nothing to be done for 'all'.
20:31:08 **** Auto Build of configuration Debug for project dma_test ****
make all 
Building file: ../src/helloworld.c
Invoking: MicroBlaze gcc compiler
mb-gcc -Wall -O0 -g3 -c -fmessage-length=0 -MT"src/helloworld.o" -I../../dma_test_bsp/microblaze_0/include -mlittle-endian -mcpu=v10.0 -mxl-soft-mul -Wl,--no-relax -ffunction-sections -fdata-sections -MMD -MP -MF"src/helloworld.d" -MT"src/helloworld.o" -o "src/helloworld.o" "../src/helloworld.c"
../src/helloworld.c: In function 'dma_mm2_sync':
../src/helloworld.c:112:6: warning: unused variable 'mm2s_status' [-Wunused-variable]
  u32 mm2s_status = *MM2S_DMASR;
      ^~~~~~~~~~~
Finished building: ../src/helloworld.c
 
Building target: dma_test.elf
Invoking: MicroBlaze gcc linker
mb-gcc -Wl,-T -Wl,../src/lscript.ld -L../../dma_test_bsp/microblaze_0/lib -mlittle-endian -mcpu=v10.0 -mxl-soft-mul -Wl,--no-relax -Wl,--gc-sections -o "dma_test.elf"  ./src/helloworld.o ./src/platform.o   -Wl,--start-group,-lxil,-lgcc,-lc,--end-group
Finished building target: dma_test.elf
 
Invoking: MicroBlaze Print Size
mb-size dma_test.elf  |tee "dma_test.elf.size"
   text	   data	    bss	    dec	    hex	filename
  15964	   1344	   2148	  19456	   4c00	dma_test.elf
Finished building: dma_test.elf.size
 
20:31:13 **** Incremental Build of configuration Debug for project dma_test1 ****
make all 
make: Nothing to be done for 'all'.
20:31:14 **** Incremental Build of configuration Debug for project dma_test ****
make all 
make: Nothing to be done for 'all'.
20:31:57 **** Auto Build of configuration Debug for project dma_test ****
make all 
Building file: ../src/helloworld.c
Invoking: MicroBlaze gcc compiler
mb-gcc -Wall -O0 -g3 -c -fmessage-length=0 -MT"src/helloworld.o" -I../../dma_test_bsp/microblaze_0/include -mlittle-endian -mcpu=v10.0 -mxl-soft-mul -Wl,--no-relax -ffunction-sections -fdata-sections -MMD -MP -MF"src/helloworld.d" -MT"src/helloworld.o" -o "src/helloworld.o" "../src/helloworld.c"
../src/helloworld.c: In function 'dma_mm2_sync':
../src/helloworld.c:110:6: warning: unused variable 'mm2s_status' [-Wunused-variable]
  u32 mm2s_status = *MM2S_DMASR;
      ^~~~~~~~~~~
Finished building: ../src/helloworld.c
 
Building target: dma_test.elf
Invoking: MicroBlaze gcc linker
mb-gcc -Wl,-T -Wl,../src/lscript.ld -L../../dma_test_bsp/microblaze_0/lib -mlittle-endian -mcpu=v10.0 -mxl-soft-mul -Wl,--no-relax -Wl,--gc-sections -o "dma_test.elf"  ./src/helloworld.o ./src/platform.o   -Wl,--start-group,-lxil,-lgcc,-lc,--end-group
Finished building target: dma_test.elf
 
Invoking: MicroBlaze Print Size
mb-size dma_test.elf  |tee "dma_test.elf.size"
   text	   data	    bss	    dec	    hex	filename
  15964	   1344	   2148	  19456	   4c00	dma_test.elf
Finished building: dma_test.elf.size
 
20:31:58 **** Incremental Build of configuration Debug for project dma_test1 ****
make all 
make: Nothing to be done for 'all'.
20:31:59 **** Incremental Build of configuration Debug for project dma_test ****
make all 
make: Nothing to be done for 'all'.
20:34:28 **** Auto Build of configuration Debug for project dma_test ****
make all 
Building file: ../src/helloworld.c
Invoking: MicroBlaze gcc compiler
mb-gcc -Wall -O0 -g3 -c -fmessage-length=0 -MT"src/helloworld.o" -I../../dma_test_bsp/microblaze_0/include -mlittle-endian -mcpu=v10.0 -mxl-soft-mul -Wl,--no-relax -ffunction-sections -fdata-sections -MMD -MP -MF"src/helloworld.d" -MT"src/helloworld.o" -o "src/helloworld.o" "../src/helloworld.c"
../src/helloworld.c: In function 'dma_mm2_sync':
../src/helloworld.c:110:6: warning: unused variable 'mm2s_status' [-Wunused-variable]
  u32 mm2s_status = *MM2S_DMASR;
      ^~~~~~~~~~~
../src/helloworld.c: In function 'main':
../src/helloworld.c:118:9: warning: unused variable 'len' [-Wunused-variable]
     u32 len = 32;
         ^~~
Finished building: ../src/helloworld.c
 
Building target: dma_test.elf
Invoking: MicroBlaze gcc linker
mb-gcc -Wl,-T -Wl,../src/lscript.ld -L../../dma_test_bsp/microblaze_0/lib -mlittle-endian -mcpu=v10.0 -mxl-soft-mul -Wl,--no-relax -Wl,--gc-sections -o "dma_test.elf"  ./src/helloworld.o ./src/platform.o   -Wl,--start-group,-lxil,-lgcc,-lc,--end-group
Finished building target: dma_test.elf
 
Invoking: MicroBlaze Print Size
mb-size dma_test.elf  |tee "dma_test.elf.size"
   text	   data	    bss	    dec	    hex	filename
  15972	   1344	   2148	  19464	   4c08	dma_test.elf
Finished building: dma_test.elf.size
 
20:34:44 **** Auto Build of configuration Debug for project dma_test ****
make all 
Building file: ../src/helloworld.c
Invoking: MicroBlaze gcc compiler
mb-gcc -Wall -O0 -g3 -c -fmessage-length=0 -MT"src/helloworld.o" -I../../dma_test_bsp/microblaze_0/include -mlittle-endian -mcpu=v10.0 -mxl-soft-mul -Wl,--no-relax -ffunction-sections -fdata-sections -MMD -MP -MF"src/helloworld.d" -MT"src/helloworld.o" -o "src/helloworld.o" "../src/helloworld.c"
../src/helloworld.c: In function 'dma_mm2_sync':
../src/helloworld.c:110:6: warning: unused variable 'mm2s_status' [-Wunused-variable]
  u32 mm2s_status = *MM2S_DMASR;
      ^~~~~~~~~~~
Finished building: ../src/helloworld.c
 
Building target: dma_test.elf
Invoking: MicroBlaze gcc linker
mb-gcc -Wl,-T -Wl,../src/lscript.ld -L../../dma_test_bsp/microblaze_0/lib -mlittle-endian -mcpu=v10.0 -mxl-soft-mul -Wl,--no-relax -Wl,--gc-sections -o "dma_test.elf"  ./src/helloworld.o ./src/platform.o   -Wl,--start-group,-lxil,-lgcc,-lc,--end-group
Finished building target: dma_test.elf
 
Invoking: MicroBlaze Print Size
mb-size dma_test.elf  |tee "dma_test.elf.size"
   text	   data	    bss	    dec	    hex	filename
  15972	   1344	   2148	  19464	   4c08	dma_test.elf
Finished building: dma_test.elf.size
 
20:35:04 **** Auto Build of configuration Debug for project dma_test ****
make all 
Building file: ../src/helloworld.c
Invoking: MicroBlaze gcc compiler
mb-gcc -Wall -O0 -g3 -c -fmessage-length=0 -MT"src/helloworld.o" -I../../dma_test_bsp/microblaze_0/include -mlittle-endian -mcpu=v10.0 -mxl-soft-mul -Wl,--no-relax -ffunction-sections -fdata-sections -MMD -MP -MF"src/helloworld.d" -MT"src/helloworld.o" -o "src/helloworld.o" "../src/helloworld.c"
../src/helloworld.c: In function 'dma_mm2_sync':
../src/helloworld.c:110:6: warning: unused variable 'mm2s_status' [-Wunused-variable]
  u32 mm2s_status = *MM2S_DMASR;
      ^~~~~~~~~~~
Finished building: ../src/helloworld.c
 
Building target: dma_test.elf
Invoking: MicroBlaze gcc linker
mb-gcc -Wl,-T -Wl,../src/lscript.ld -L../../dma_test_bsp/microblaze_0/lib -mlittle-endian -mcpu=v10.0 -mxl-soft-mul -Wl,--no-relax -Wl,--gc-sections -o "dma_test.elf"  ./src/helloworld.o ./src/platform.o   -Wl,--start-group,-lxil,-lgcc,-lc,--end-group
Finished building target: dma_test.elf
 
Invoking: MicroBlaze Print Size
mb-size dma_test.elf  |tee "dma_test.elf.size"
   text	   data	    bss	    dec	    hex	filename
  15996	   1344	   2148	  19488	   4c20	dma_test.elf
Finished building: dma_test.elf.size
 
20:35:05 **** Incremental Build of configuration Debug for project dma_test1 ****
make all 
make: Nothing to be done for 'all'.
20:35:07 **** Incremental Build of configuration Debug for project dma_test ****
make all 
make: Nothing to be done for 'all'.
20:35:30 **** Auto Build of configuration Debug for project dma_test ****
make all 
Building file: ../src/helloworld.c
Invoking: MicroBlaze gcc compiler
mb-gcc -Wall -O0 -g3 -c -fmessage-length=0 -MT"src/helloworld.o" -I../../dma_test_bsp/microblaze_0/include -mlittle-endian -mcpu=v10.0 -mxl-soft-mul -Wl,--no-relax -ffunction-sections -fdata-sections -MMD -MP -MF"src/helloworld.d" -MT"src/helloworld.o" -o "src/helloworld.o" "../src/helloworld.c"
../src/helloworld.c: In function 'dma_mm2_sync':
../src/helloworld.c:110:6: warning: unused variable 'mm2s_status' [-Wunused-variable]
  u32 mm2s_status = *MM2S_DMASR;
      ^~~~~~~~~~~
Finished building: ../src/helloworld.c
 
Building target: dma_test.elf
Invoking: MicroBlaze gcc linker
mb-gcc -Wl,-T -Wl,../src/lscript.ld -L../../dma_test_bsp/microblaze_0/lib -mlittle-endian -mcpu=v10.0 -mxl-soft-mul -Wl,--no-relax -Wl,--gc-sections -o "dma_test.elf"  ./src/helloworld.o ./src/platform.o   -Wl,--start-group,-lxil,-lgcc,-lc,--end-group
Finished building target: dma_test.elf
 
Invoking: MicroBlaze Print Size
mb-size dma_test.elf  |tee "dma_test.elf.size"
   text	   data	    bss	    dec	    hex	filename
  15996	   1344	   2148	  19488	   4c20	dma_test.elf
Finished building: dma_test.elf.size
 
20:35:32 **** Incremental Build of configuration Debug for project dma_test1 ****
make all 
make: Nothing to be done for 'all'.
20:35:33 **** Incremental Build of configuration Debug for project dma_test ****
make all 
make: Nothing to be done for 'all'.
20:39:09 **** Auto Build of configuration Debug for project dma_test ****
make all 
Building file: ../src/helloworld.c
Invoking: MicroBlaze gcc compiler
mb-gcc -Wall -O0 -g3 -c -fmessage-length=0 -MT"src/helloworld.o" -I../../dma_test_bsp/microblaze_0/include -mlittle-endian -mcpu=v10.0 -mxl-soft-mul -Wl,--no-relax -ffunction-sections -fdata-sections -MMD -MP -MF"src/helloworld.d" -MT"src/helloworld.o" -o "src/helloworld.o" "../src/helloworld.c"
../src/helloworld.c: In function 'dma_mm2_sync':
../src/helloworld.c:108:6: warning: unused variable 'mm2s_status' [-Wunused-variable]
  u32 mm2s_status = *MM2S_DMASR;
      ^~~~~~~~~~~
Finished building: ../src/helloworld.c
 
Building target: dma_test.elf
Invoking: MicroBlaze gcc linker
mb-gcc -Wl,-T -Wl,../src/lscript.ld -L../../dma_test_bsp/microblaze_0/lib -mlittle-endian -mcpu=v10.0 -mxl-soft-mul -Wl,--no-relax -Wl,--gc-sections -o "dma_test.elf"  ./src/helloworld.o ./src/platform.o   -Wl,--start-group,-lxil,-lgcc,-lc,--end-group
Finished building target: dma_test.elf
 
Invoking: MicroBlaze Print Size
mb-size dma_test.elf  |tee "dma_test.elf.size"
   text	   data	    bss	    dec	    hex	filename
  16012	   1344	   2148	  19504	   4c30	dma_test.elf
Finished building: dma_test.elf.size
 
20:39:13 **** Incremental Build of configuration Debug for project dma_test1 ****
make all 
make: Nothing to be done for 'all'.
20:39:15 **** Incremental Build of configuration Debug for project dma_test ****
make all 
make: Nothing to be done for 'all'.
20:41:13 **** Auto Build of configuration Debug for project dma_test ****
make all 
Building file: ../src/helloworld.c
Invoking: MicroBlaze gcc compiler
mb-gcc -Wall -O0 -g3 -c -fmessage-length=0 -MT"src/helloworld.o" -I../../dma_test_bsp/microblaze_0/include -mlittle-endian -mcpu=v10.0 -mxl-soft-mul -Wl,--no-relax -ffunction-sections -fdata-sections -MMD -MP -MF"src/helloworld.d" -MT"src/helloworld.o" -o "src/helloworld.o" "../src/helloworld.c"
../src/helloworld.c: In function 'dma_memcopy':
../src/helloworld.c:100:11: warning: assignment makes integer from pointer without a cast [-Wint-conversion]
  *MM2S_SA = saddr;
           ^
../src/helloworld.c:101:11: warning: assignment makes integer from pointer without a cast [-Wint-conversion]
  *S2MM_DA = daddr;
           ^
../src/helloworld.c: In function 'dma_mm2_sync':
../src/helloworld.c:108:6: warning: unused variable 'mm2s_status' [-Wunused-variable]
  u32 mm2s_status = *MM2S_DMASR;
      ^~~~~~~~~~~
../src/helloworld.c: In function 'main':
../src/helloworld.c:127:29: warning: passing argument 2 of 'dma_memcopy' makes pointer from integer without a cast [-Wint-conversion]
     dma_memcopy(source_mem, (u32)dest_mem, len);
                             ^
../src/helloworld.c:99:6: note: expected 'u32 * {aka long unsigned int *}' but argument is of type 'long unsigned int'
 void dma_memcopy(u32 *saddr, u32 *daddr, u32 length) {
      ^~~~~~~~~~~
Finished building: ../src/helloworld.c
 
Building target: dma_test.elf
Invoking: MicroBlaze gcc linker
mb-gcc -Wl,-T -Wl,../src/lscript.ld -L../../dma_test_bsp/microblaze_0/lib -mlittle-endian -mcpu=v10.0 -mxl-soft-mul -Wl,--no-relax -Wl,--gc-sections -o "dma_test.elf"  ./src/helloworld.o ./src/platform.o   -Wl,--start-group,-lxil,-lgcc,-lc,--end-group
[...]
Building file: ../src/dma_memcpy.c
Invoking: MicroBlaze gcc compiler
mb-gcc -Wall -O0 -g3 -c -fmessage-length=0 -MT"src/dma_memcpy.o" -I../../dma_ints_bsp/microblaze_0/include -mlittle-endian -mcpu=v10.0 -mxl-soft-mul -Wl,--no-relax -ffunction-sections -fdata-sections -MMD -MP -MF"src/dma_memcpy.d" -MT"src/dma_memcpy.o" -o "src/dma_memcpy.o" "../src/dma_memcpy.c"
Finished building: ../src/dma_memcpy.c
 
Building target: dma_test.elf
Invoking: MicroBlaze gcc linker
mb-gcc -Wl,-T -Wl,../src/lscript.ld -L../../dma_ints_bsp/microblaze_0/lib -mlittle-endian -mcpu=v10.0 -mxl-soft-mul -Wl,--no-relax -Wl,--gc-sections -o "dma_test.elf"  ./src/dma_memcpy.o ./src/platform.o   -Wl,--start-group,-lxil,-lgcc,-lc,--end-group
Finished building target: dma_test.elf
 
Invoking: MicroBlaze Print Size
mb-size dma_test.elf  |tee "dma_test.elf.size"
   text	   data	    bss	    dec	    hex	filename
   8708	    360	   2340	  11408	   2c90	dma_test.elf
Finished building: dma_test.elf.size
 
20:22:34 **** Incremental Build of configuration Debug for project dma_test ****
make all 
make: Nothing to be done for 'all'.
20:22:34 **** Incremental Build of configuration Debug for project dma_test1 ****
make all 
make: Nothing to be done for 'all'.
20:22:59 **** Auto Build of configuration Debug for project dma_test ****
make all 
Building file: ../src/dma_memcpy.c
Invoking: MicroBlaze gcc compiler
mb-gcc -Wall -O0 -g3 -c -fmessage-length=0 -MT"src/dma_memcpy.o" -I../../dma_ints_bsp/microblaze_0/include -mlittle-endian -mcpu=v10.0 -mxl-soft-mul -Wl,--no-relax -ffunction-sections -fdata-sections -MMD -MP -MF"src/dma_memcpy.d" -MT"src/dma_memcpy.o" -o "src/dma_memcpy.o" "../src/dma_memcpy.c"
Finished building: ../src/dma_memcpy.c
 
Building target: dma_test.elf
Invoking: MicroBlaze gcc linker
mb-gcc -Wl,-T -Wl,../src/lscript.ld -L../../dma_ints_bsp/microblaze_0/lib -mlittle-endian -mcpu=v10.0 -mxl-soft-mul -Wl,--no-relax -Wl,--gc-sections -o "dma_test.elf"  ./src/dma_memcpy.o ./src/platform.o   -Wl,--start-group,-lxil,-lgcc,-lc,--end-group
Finished building target: dma_test.elf
 
Invoking: MicroBlaze Print Size
mb-size dma_test.elf  |tee "dma_test.elf.size"
   text	   data	    bss	    dec	    hex	filename
   8708	    360	   2340	  11408	   2c90	dma_test.elf
Finished building: dma_test.elf.size
 
20:23:20 **** Incremental Build of configuration Debug for project dma_test ****
make all 
make: Nothing to be done for 'all'.
20:23:21 **** Incremental Build of configuration Debug for project dma_test1 ****
make all 
make: Nothing to be done for 'all'.
20:24:06 **** Auto Build of configuration Debug for project dma_test ****
make all 
Building file: ../src/dma_memcpy.c
Invoking: MicroBlaze gcc compiler
mb-gcc -Wall -O0 -g3 -c -fmessage-length=0 -MT"src/dma_memcpy.o" -I../../dma_ints_bsp/microblaze_0/include -mlittle-endian -mcpu=v10.0 -mxl-soft-mul -Wl,--no-relax -ffunction-sections -fdata-sections -MMD -MP -MF"src/dma_memcpy.d" -MT"src/dma_memcpy.o" -o "src/dma_memcpy.o" "../src/dma_memcpy.c"
Finished building: ../src/dma_memcpy.c
 
Building target: dma_test.elf
Invoking: MicroBlaze gcc linker
mb-gcc -Wl,-T -Wl,../src/lscript.ld -L../../dma_ints_bsp/microblaze_0/lib -mlittle-endian -mcpu=v10.0 -mxl-soft-mul -Wl,--no-relax -Wl,--gc-sections -o "dma_test.elf"  ./src/dma_memcpy.o ./src/platform.o   -Wl,--start-group,-lxil,-lgcc,-lc,--end-group
Finished building target: dma_test.elf
 
Invoking: MicroBlaze Print Size
mb-size dma_test.elf  |tee "dma_test.elf.size"
   text	   data	    bss	    dec	    hex	filename
   8684	    360	   2340	  11384	   2c78	dma_test.elf
Finished building: dma_test.elf.size
 
20:24:07 **** Incremental Build of configuration Debug for project dma_test ****
make all 
make: Nothing to be done for 'all'.
20:24:07 **** Incremental Build of configuration Debug for project dma_test1 ****
make all 
make: Nothing to be done for 'all'.
20:25:17 **** Auto Build of configuration Debug for project dma_test ****
make all 
Building file: ../src/dma_memcpy.c
Invoking: MicroBlaze gcc compiler
mb-gcc -Wall -O0 -g3 -c -fmessage-length=0 -MT"src/dma_memcpy.o" -I../../dma_ints_bsp/microblaze_0/include -mlittle-endian -mcpu=v10.0 -mxl-soft-mul -Wl,--no-relax -ffunction-sections -fdata-sections -MMD -MP -MF"src/dma_memcpy.d" -MT"src/dma_memcpy.o" -o "src/dma_memcpy.o" "../src/dma_memcpy.c"
Finished building: ../src/dma_memcpy.c
 
Building target: dma_test.elf
Invoking: MicroBlaze gcc linker
mb-gcc -Wl,-T -Wl,../src/lscript.ld -L../../dma_ints_bsp/microblaze_0/lib -mlittle-endian -mcpu=v10.0 -mxl-soft-mul -Wl,--no-relax -Wl,--gc-sections -o "dma_test.elf"  ./src/dma_memcpy.o ./src/platform.o   -Wl,--start-group,-lxil,-lgcc,-lc,--end-group
Finished building target: dma_test.elf
 
Invoking: MicroBlaze Print Size
mb-size dma_test.elf  |tee "dma_test.elf.size"
   text	   data	    bss	    dec	    hex	filename
   8612	    360	   2340	  11312	   2c30	dma_test.elf
Finished building: dma_test.elf.size
 
20:25:19 **** Incremental Build of configuration Debug for project dma_test ****
make all 
make: Nothing to be done for 'all'.
20:25:19 **** Incremental Build of configuration Debug for project dma_test1 ****
make all 
make: Nothing to be done for 'all'.
20:25:28 **** Incremental Build of configuration Debug for project dma_test ****
make all 
make: Nothing to be done for 'all'.
20:25:28 **** Incremental Build of configuration Debug for project dma_test1 ****
make all 
make: Nothing to be done for 'all'.
20:25:36 **** Incremental Build of configuration Debug for project dma_test ****
make all 
make: Nothing to be done for 'all'.
20:25:36 **** Incremental Build of configuration Debug for project dma_test1 ****
make all 
make: Nothing to be done for 'all'.
20:25:50 **** Auto Build of configuration Debug for project dma_test ****
make all 
Building file: ../src/dma_memcpy.c
Invoking: MicroBlaze gcc compiler
mb-gcc -Wall -O0 -g3 -c -fmessage-length=0 -MT"src/dma_memcpy.o" -I../../dma_ints_bsp/microblaze_0/include -mlittle-endian -mcpu=v10.0 -mxl-soft-mul -Wl,--no-relax -ffunction-sections -fdata-sections -MMD -MP -MF"src/dma_memcpy.d" -MT"src/dma_memcpy.o" -o "src/dma_memcpy.o" "../src/dma_memcpy.c"
Finished building: ../src/dma_memcpy.c
 
Building target: dma_test.elf
Invoking: MicroBlaze gcc linker
mb-gcc -Wl,-T -Wl,../src/lscript.ld -L../../dma_ints_bsp/microblaze_0/lib -mlittle-endian -mcpu=v10.0 -mxl-soft-mul -Wl,--no-relax -Wl,--gc-sections -o "dma_test.elf"  ./src/dma_memcpy.o ./src/platform.o   -Wl,--start-group,-lxil,-lgcc,-lc,--end-group
Finished building target: dma_test.elf
 
Invoking: MicroBlaze Print Size
mb-size dma_test.elf  |tee "dma_test.elf.size"
   text	   data	    bss	    dec	    hex	filename
   8612	    360	   2340	  11312	   2c30	dma_test.elf
Finished building: dma_test.elf.size
 
20:25:56 **** Auto Build of configuration Debug for project dma_test ****
make all 
Building file: ../src/dma_memcpy.c
Invoking: MicroBlaze gcc compiler
mb-gcc -Wall -O0 -g3 -c -fmessage-length=0 -MT"src/dma_memcpy.o" -I../../dma_ints_bsp/microblaze_0/include -mlittle-endian -mcpu=v10.0 -mxl-soft-mul -Wl,--no-relax -ffunction-sections -fdata-sections -MMD -MP -MF"src/dma_memcpy.d" -MT"src/dma_memcpy.o" -o "src/dma_memcpy.o" "../src/dma_memcpy.c"
Finished building: ../src/dma_memcpy.c
 
Building target: dma_test.elf
Invoking: MicroBlaze gcc linker
mb-gcc -Wl,-T -Wl,../src/lscript.ld -L../../dma_ints_bsp/microblaze_0/lib -mlittle-endian -mcpu=v10.0 -mxl-soft-mul -Wl,--no-relax -Wl,--gc-sections -o "dma_test.elf"  ./src/dma_memcpy.o ./src/platform.o   -Wl,--start-group,-lxil,-lgcc,-lc,--end-group
Finished building target: dma_test.elf
 
Invoking: MicroBlaze Print Size
mb-size dma_test.elf  |tee "dma_test.elf.size"
   text	   data	    bss	    dec	    hex	filename
   8636	    360	   2340	  11336	   2c48	dma_test.elf
Finished building: dma_test.elf.size
 
20:25:58 **** Incremental Build of configuration Debug for project dma_test ****
make all 
make: Nothing to be done for 'all'.
20:25:58 **** Incremental Build of configuration Debug for project dma_test1 ****
make all 
make: Nothing to be done for 'all'.
20:26:08 **** Auto Build of configuration Debug for project dma_test ****
make all 
Building file: ../src/dma_memcpy.c
Invoking: MicroBlaze gcc compiler
mb-gcc -Wall -O0 -g3 -c -fmessage-length=0 -MT"src/dma_memcpy.o" -I../../dma_ints_bsp/microblaze_0/include -mlittle-endian -mcpu=v10.0 -mxl-soft-mul -Wl,--no-relax -ffunction-sections -fdata-sections -MMD -MP -MF"src/dma_memcpy.d" -MT"src/dma_memcpy.o" -o "src/dma_memcpy.o" "../src/dma_memcpy.c"
Finished building: ../src/dma_memcpy.c
 
Building target: dma_test.elf
Invoking: MicroBlaze gcc linker
mb-gcc -Wl,-T -Wl,../src/lscript.ld -L../../dma_ints_bsp/microblaze_0/lib -mlittle-endian -mcpu=v10.0 -mxl-soft-mul -Wl,--no-relax -Wl,--gc-sections -o "dma_test.elf"  ./src/dma_memcpy.o ./src/platform.o   -Wl,--start-group,-lxil,-lgcc,-lc,--end-group
Finished building target: dma_test.elf
 
Invoking: MicroBlaze Print Size
mb-size dma_test.elf  |tee "dma_test.elf.size"
   text	   data	    bss	    dec	    hex	filename
   8612	    360	   2340	  11312	   2c30	dma_test.elf
Finished building: dma_test.elf.size
 
20:26:14 **** Auto Build of configuration Debug for project dma_test ****
make all 
Building file: ../src/dma_memcpy.c
Invoking: MicroBlaze gcc compiler
mb-gcc -Wall -O0 -g3 -c -fmessage-length=0 -MT"src/dma_memcpy.o" -I../../dma_ints_bsp/microblaze_0/include -mlittle-endian -mcpu=v10.0 -mxl-soft-mul -Wl,--no-relax -ffunction-sections -fdata-sections -MMD -MP -MF"src/dma_memcpy.d" -MT"src/dma_memcpy.o" -o "src/dma_memcpy.o" "../src/dma_memcpy.c"
Finished building: ../src/dma_memcpy.c
 
Building target: dma_test.elf
Invoking: MicroBlaze gcc linker
mb-gcc -Wl,-T -Wl,../src/lscript.ld -L../../dma_ints_bsp/microblaze_0/lib -mlittle-endian -mcpu=v10.0 -mxl-soft-mul -Wl,--no-relax -Wl,--gc-sections -o "dma_test.elf"  ./src/dma_memcpy.o ./src/platform.o   -Wl,--start-group,-lxil,-lgcc,-lc,--end-group
Finished building target: dma_test.elf
 
Invoking: MicroBlaze Print Size
mb-size dma_test.elf  |tee "dma_test.elf.size"
   text	   data	    bss	    dec	    hex	filename
   8612	    360	   2340	  11312	   2c30	dma_test.elf
Finished building: dma_test.elf.size
 
20:26:15 **** Incremental Build of configuration Debug for project dma_test ****
make all 
make: Nothing to be done for 'all'.
20:26:15 **** Incremental Build of configuration Debug for project dma_test1 ****
make all 
make: Nothing to be done for 'all'.
20:26:55 **** Auto Build of configuration Debug for project dma_test ****
make all 
Building file: ../src/dma_memcpy.c
Invoking: MicroBlaze gcc compiler
mb-gcc -Wall -O0 -g3 -c -fmessage-length=0 -MT"src/dma_memcpy.o" -I../../dma_ints_bsp/microblaze_0/include -mlittle-endian -mcpu=v10.0 -mxl-soft-mul -Wl,--no-relax -ffunction-sections -fdata-sections -MMD -MP -MF"src/dma_memcpy.d" -MT"src/dma_memcpy.o" -o "src/dma_memcpy.o" "../src/dma_memcpy.c"
Finished building: ../src/dma_memcpy.c
 
Building target: dma_test.elf
Invoking: MicroBlaze gcc linker
mb-gcc -Wl,-T -Wl,../src/lscript.ld -L../../dma_ints_bsp/microblaze_0/lib -mlittle-endian -mcpu=v10.0 -mxl-soft-mul -Wl,--no-relax -Wl,--gc-sections -o "dma_test.elf"  ./src/dma_memcpy.o ./src/platform.o   -Wl,--start-group,-lxil,-lgcc,-lc,--end-group
Finished building target: dma_test.elf
 
Invoking: MicroBlaze Print Size
mb-size dma_test.elf  |tee "dma_test.elf.size"
   text	   data	    bss	    dec	    hex	filename
   8612	    360	   2340	  11312	   2c30	dma_test.elf
Finished building: dma_test.elf.size
 
20:27:03 **** Incremental Build of configuration Debug for project dma_test ****
make all 
make: Nothing to be done for 'all'.
20:27:03 **** Incremental Build of configuration Debug for project dma_test1 ****
make all 
make: Nothing to be done for 'all'.
20:27:46 **** Incremental Build of configuration Debug for project dma_test ****
make all 
make: Nothing to be done for 'all'.
20:27:46 **** Incremental Build of configuration Debug for project dma_test1 ****
make all 
make: Nothing to be done for 'all'.
20:28:09 **** Incremental Build of configuration Debug for project dma_test ****
make all 
make: Nothing to be done for 'all'.
20:28:57 **** Incremental Build of configuration Debug for project dma_test ****
make all 
make: Nothing to be done for 'all'.
20:29:42 **** Incremental Build of configuration Debug for project dma_test ****
make all 
make: Nothing to be done for 'all'.
20:30:31 **** Auto Build of configuration Debug for project dma_test ****
make all 
Building file: ../src/dma_memcpy.c
Invoking: MicroBlaze gcc compiler
mb-gcc -Wall -O0 -g3 -c -fmessage-length=0 -MT"src/dma_memcpy.o" -I../../dma_ints_bsp/microblaze_0/include -mlittle-endian -mcpu=v10.0 -mxl-soft-mul -Wl,--no-relax -ffunction-sections -fdata-sections -MMD -MP -MF"src/dma_memcpy.d" -MT"src/dma_memcpy.o" -o "src/dma_memcpy.o" "../src/dma_memcpy.c"
Finished building: ../src/dma_memcpy.c
 
Building target: dma_test.elf
Invoking: MicroBlaze gcc linker
mb-gcc -Wl,-T -Wl,../src/lscript.ld -L../../dma_ints_bsp/microblaze_0/lib -mlittle-endian -mcpu=v10.0 -mxl-soft-mul -Wl,--no-relax -Wl,--gc-sections -o "dma_test.elf"  ./src/dma_memcpy.o ./src/platform.o   -Wl,--start-group,-lxil,-lgcc,-lc,--end-group
Finished building target: dma_test.elf
 
Invoking: MicroBlaze Print Size
mb-size dma_test.elf  |tee "dma_test.elf.size"
   text	   data	    bss	    dec	    hex	filename
   8612	    360	   2340	  11312	   2c30	dma_test.elf
Finished building: dma_test.elf.size
 
20:31:24 **** Auto Build of configuration Debug for project dma_test ****
make all 
Building file: ../src/dma_memcpy.c
Invoking: MicroBlaze gcc compiler
mb-gcc -Wall -O0 -g3 -c -fmessage-length=0 -MT"src/dma_memcpy.o" -I../../dma_ints_bsp/microblaze_0/include -mlittle-endian -mcpu=v10.0 -mxl-soft-mul -Wl,--no-relax -ffunction-sections -fdata-sections -MMD -MP -MF"src/dma_memcpy.d" -MT"src/dma_memcpy.o" -o "src/dma_memcpy.o" "../src/dma_memcpy.c"
Finished building: ../src/dma_memcpy.c
 
Building target: dma_test.elf
Invoking: MicroBlaze gcc linker
mb-gcc -Wl,-T -Wl,../src/lscript.ld -L../../dma_ints_bsp/microblaze_0/lib -mlittle-endian -mcpu=v10.0 -mxl-soft-mul -Wl,--no-relax -Wl,--gc-sections -o "dma_test.elf"  ./src/dma_memcpy.o ./src/platform.o   -Wl,--start-group,-lxil,-lgcc,-lc,--end-group
Finished building target: dma_test.elf
 
Invoking: MicroBlaze Print Size
mb-size dma_test.elf  |tee "dma_test.elf.size"
   text	   data	    bss	    dec	    hex	filename
   8612	    360	   2340	  11312	   2c30	dma_test.elf
Finished building: dma_test.elf.size
 
20:38:36 **** Auto Build of project dma_ints_bsp ****
make -k all 
Running Make include in microblaze_0/libsrc/bram_v4_1/src
make -C microblaze_0/libsrc/bram_v4_1/src -s include  "SHELL=/bin/sh" "COMPILER=mb-gcc" "ARCHIVER=mb-ar" "COMPILER_FLAGS= -O2 -c -mcpu=v10.0 -mlittle-endian -mxl-soft-mul" "EXTRA_COMPILER_FLAGS=-ffunction-sections -fdata-sections -Wall -Wextra"
Running Make include in microblaze_0/libsrc/cpu_v2_6/src
make -C microblaze_0/libsrc/cpu_v2_6/src -s include  "SHELL=/bin/sh" "COMPILER=mb-gcc" "ARCHIVER=mb-ar" "COMPILER_FLAGS= -O2 -c -mcpu=v10.0 -mlittle-endian -mxl-soft-mul" "EXTRA_COMPILER_FLAGS=-ffunction-sections -fdata-sections -Wall -Wextra"
Running Make include in microblaze_0/libsrc/standalone_v6_3/src
make -C microblaze_0/libsrc/standalone_v6_3/src -s include  "SHELL=/bin/sh" "COMPILER=mb-gcc" "ARCHIVER=mb-ar" "COMPILER_FLAGS= -O2 -c -mcpu=v10.0 -mlittle-endian -mxl-soft-mul" "EXTRA_COMPILER_FLAGS=-ffunction-sections -fdata-sections -Wall -Wextra"
Running Make include in microblaze_0/libsrc/intc_v3_6/src
make -C microblaze_0/libsrc/intc_v3_6/src -s include  "SHELL=/bin/sh" "COMPILER=mb-gcc" "ARCHIVER=mb-ar" "COMPILER_FLAGS= -O2 -c -mcpu=v10.0 -mlittle-endian -mxl-soft-mul" "EXTRA_COMPILER_FLAGS=-ffunction-sections -fdata-sections -Wall -Wextra"
Running Make include in microblaze_0/libsrc/axidma_v9_3/src
make -C microblaze_0/libsrc/axidma_v9_3/src -s include  "SHELL=/bin/sh" "COMPILER=mb-gcc" "ARCHIVER=mb-ar" "COMPILER_FLAGS= -O2 -c -mcpu=v10.0 -mlittle-endian -mxl-soft-mul" "EXTRA_COMPILER_FLAGS=-ffunction-sections -fdata-sections -Wall -Wextra"
Running Make include in microblaze_0/libsrc/uartlite_v3_2/src
make -C microblaze_0/libsrc/uartlite_v3_2/src -s include  "SHELL=/bin/sh" "COMPILER=mb-gcc" "ARCHIVER=mb-ar" "COMPILER_FLAGS= -O2 -c -mcpu=v10.0 -mlittle-endian -mxl-soft-mul" "EXTRA_COMPILER_FLAGS=-ffunction-sections -fdata-sections -Wall -Wextra"
Running Make libs in microblaze_0/libsrc/bram_v4_1/src
make -C microblaze_0/libsrc/bram_v4_1/src -s libs  "SHELL=/bin/sh" "COMPILER=mb-gcc" "ARCHIVER=mb-ar" "COMPILER_FLAGS= -O2 -c -mcpu=v10.0 -mlittle-endian -mxl-soft-mul" "EXTRA_COMPILER_FLAGS=-ffunction-sections -fdata-sections -Wall -Wextra"
Compiling bram
Running Make libs in microblaze_0/libsrc/cpu_v2_6/src
make -C microblaze_0/libsrc/cpu_v2_6/src -s libs  "SHELL=/bin/sh" "COMPILER=mb-gcc" "ARCHIVER=mb-ar" "COMPILER_FLAGS= -O2 -c -mcpu=v10.0 -mlittle-endian -mxl-soft-mul" "EXTRA_COMPILER_FLAGS=-ffunction-sections -fdata-sections -Wall -Wextra"
Compiling cpu
Running Make libs in microblaze_0/libsrc/standalone_v6_3/src
make -C microblaze_0/libsrc/standalone_v6_3/src -s libs  "SHELL=/bin/sh" "COMPILER=mb-gcc" "ARCHIVER=mb-ar" "COMPILER_FLAGS= -O2 -c -mcpu=v10.0 -mlittle-endian -mxl-soft-mul" "EXTRA_COMPILER_FLAGS=-ffunction-sections -fdata-sections -Wall -Wextra"
Compiling standalone
Running Make libs in microblaze_0/libsrc/intc_v3_6/src
make -C microblaze_0/libsrc/intc_v3_6/src -s libs  "SHELL=/bin/sh" "COMPILER=mb-gcc" "ARCHIVER=mb-ar" "COMPILER_FLAGS= -O2 -c -mcpu=v10.0 -mlittle-endian -mxl-soft-mul" "EXTRA_COMPILER_FLAGS=-ffunction-sections -fdata-sections -Wall -Wextra"
Compiling intc
Running Make libs in microblaze_0/libsrc/axidma_v9_3/src
make -C microblaze_0/libsrc/axidma_v9_3/src -s libs  "SHELL=/bin/sh" "COMPILER=mb-gcc" "ARCHIVER=mb-ar" "COMPILER_FLAGS= -O2 -c -mcpu=v10.0 -mlittle-endian -mxl-soft-mul" "EXTRA_COMPILER_FLAGS=-ffunction-sections -fdata-sections -Wall -Wextra"
Compiling axidma
Running Make libs in microblaze_0/libsrc/uartlite_v3_2/src
make -C microblaze_0/libsrc/uartlite_v3_2/src -s libs  "SHELL=/bin/sh" "COMPILER=mb-gcc" "ARCHIVER=mb-ar" "COMPILER_FLAGS= -O2 -c -mcpu=v10.0 -mlittle-endian -mxl-soft-mul" "EXTRA_COMPILER_FLAGS=-ffunction-sections -fdata-sections -Wall -Wextra"
Compiling uartlite
Finished building libraries
20:38:41 **** Auto Build of configuration Debug for project dma_test ****
make all 
Building file: ../src/dma_memcpy.c
Invoking: MicroBlaze gcc compiler
mb-gcc -Wall -O0 -g3 -c -fmessage-length=0 -MT"src/dma_memcpy.o" -I../../dma_ints_bsp/microblaze_0/include -mlittle-endian -mcpu=v10.0 -mxl-soft-mul -Wl,--no-relax -ffunction-sections -fdata-sections -MMD -MP -MF"src/dma_memcpy.d" -MT"src/dma_memcpy.o" -o "src/dma_memcpy.o" "../src/dma_memcpy.c"
Finished building: ../src/dma_memcpy.c
 
Building file: ../src/platform.c
Invoking: MicroBlaze gcc compiler
mb-gcc -Wall -O0 -g3 -c -fmessage-length=0 -MT"src/platform.o" -I../../dma_ints_bsp/microblaze_0/include -mlittle-endian -mcpu=v10.0 -mxl-soft-mul -Wl,--no-relax -ffunction-sections -fdata-sections -MMD -MP -MF"src/platform.d" -MT"src/platform.o" -o "src/platform.o" "../src/platform.c"
Finished building: ../src/platform.c
 
Building target: dma_test.elf
Invoking: MicroBlaze gcc linker
mb-gcc -Wl,-T -Wl,../src/lscript.ld -L../../dma_ints_bsp/microblaze_0/lib -mlittle-endian -mcpu=v10.0 -mxl-soft-mul -Wl,--no-relax -Wl,--gc-sections -o "dma_test.elf"  ./src/dma_memcpy.o ./src/platform.o   -Wl,--start-group,-lxil,-lgcc,-lc,--end-group
Finished building target: dma_test.elf
 
Invoking: MicroBlaze Print Size
mb-size dma_test.elf  |tee "dma_test.elf.size"
   text	   data	    bss	    dec	    hex	filename
   8612	    360	   2340	  11312	   2c30	dma_test.elf
Finished building: dma_test.elf.size
 
20:39:32 **** Incremental Build of configuration Debug for project dma_test ****
make all 
make: Nothing to be done for 'all'.
